Archive member included to satisfy reference by file (symbol)

lib/rotery_encoder/libencoder.a(encoder.cpp.obj)
                              src/CMakeFiles/UVBox.dir/main.cpp.obj (encoder)
lib/oled_driver/libpicoOled.a(picoOled.c.obj)
                              src/CMakeFiles/UVBox.dir/main.cpp.obj (oledClear)
/usr/lib/gcc/arm-none-eabi/13.2.1/thumb/v6-m/nofp/libgcc.a(_dvmd_tls.o)
                              src/CMakeFiles/UVBox.dir/home/kedar/pico/pico-sdk/src/rp2_common/pico_divider/divider.S.obj (__aeabi_idiv0)
/usr/lib/gcc/arm-none-eabi/13.2.1/../../../arm-none-eabi/lib/thumb/v6-m/nofp/libg.a(lib_a-atexit.o)
                              /usr/lib/gcc/arm-none-eabi/13.2.1/../../../arm-none-eabi/lib/thumb/v6-m/nofp/crt0.o (atexit)
/usr/lib/gcc/arm-none-eabi/13.2.1/../../../arm-none-eabi/lib/thumb/v6-m/nofp/libg.a(lib_a-calloc.o)
                              src/CMakeFiles/UVBox.dir/home/kedar/pico/pico-sdk/src/rp2_common/pico_malloc/pico_malloc.c.obj (calloc)
/usr/lib/gcc/arm-none-eabi/13.2.1/../../../arm-none-eabi/lib/thumb/v6-m/nofp/libg.a(lib_a-callocr.o)
                              /usr/lib/gcc/arm-none-eabi/13.2.1/../../../arm-none-eabi/lib/thumb/v6-m/nofp/libg.a(lib_a-calloc.o) (_calloc_r)
/usr/lib/gcc/arm-none-eabi/13.2.1/../../../arm-none-eabi/lib/thumb/v6-m/nofp/libg.a(lib_a-fini.o)
                              /usr/lib/gcc/arm-none-eabi/13.2.1/../../../arm-none-eabi/lib/thumb/v6-m/nofp/crt0.o (__libc_fini_array)
/usr/lib/gcc/arm-none-eabi/13.2.1/../../../arm-none-eabi/lib/thumb/v6-m/nofp/libg.a(lib_a-impure.o)
                              /usr/lib/gcc/arm-none-eabi/13.2.1/../../../arm-none-eabi/lib/thumb/v6-m/nofp/libg.a(lib_a-calloc.o) (_impure_ptr)
/usr/lib/gcc/arm-none-eabi/13.2.1/../../../arm-none-eabi/lib/thumb/v6-m/nofp/libg.a(lib_a-init.o)
                              /usr/lib/gcc/arm-none-eabi/13.2.1/../../../arm-none-eabi/lib/thumb/v6-m/nofp/crt0.o (__libc_init_array)
/usr/lib/gcc/arm-none-eabi/13.2.1/../../../arm-none-eabi/lib/thumb/v6-m/nofp/libg.a(lib_a-malloc.o)
                              src/CMakeFiles/UVBox.dir/home/kedar/pico/pico-sdk/src/rp2_common/pico_malloc/pico_malloc.c.obj (malloc)
/usr/lib/gcc/arm-none-eabi/13.2.1/../../../arm-none-eabi/lib/thumb/v6-m/nofp/libg.a(lib_a-mallocr.o)
                              /usr/lib/gcc/arm-none-eabi/13.2.1/../../../arm-none-eabi/lib/thumb/v6-m/nofp/libg.a(lib_a-callocr.o) (_malloc_r)
/usr/lib/gcc/arm-none-eabi/13.2.1/../../../arm-none-eabi/lib/thumb/v6-m/nofp/libg.a(lib_a-mlock.o)
                              /usr/lib/gcc/arm-none-eabi/13.2.1/../../../arm-none-eabi/lib/thumb/v6-m/nofp/libg.a(lib_a-mallocr.o) (__malloc_lock)
/usr/lib/gcc/arm-none-eabi/13.2.1/../../../arm-none-eabi/lib/thumb/v6-m/nofp/libg.a(lib_a-realloc.o)
                              src/CMakeFiles/UVBox.dir/home/kedar/pico/pico-sdk/src/rp2_common/pico_malloc/pico_malloc.c.obj (realloc)
/usr/lib/gcc/arm-none-eabi/13.2.1/../../../arm-none-eabi/lib/thumb/v6-m/nofp/libg.a(lib_a-reallocr.o)
                              /usr/lib/gcc/arm-none-eabi/13.2.1/../../../arm-none-eabi/lib/thumb/v6-m/nofp/libg.a(lib_a-realloc.o) (_realloc_r)
/usr/lib/gcc/arm-none-eabi/13.2.1/../../../arm-none-eabi/lib/thumb/v6-m/nofp/libg.a(lib_a-sbrkr.o)
                              /usr/lib/gcc/arm-none-eabi/13.2.1/../../../arm-none-eabi/lib/thumb/v6-m/nofp/libg.a(lib_a-mallocr.o) (_sbrk_r)
/usr/lib/gcc/arm-none-eabi/13.2.1/../../../arm-none-eabi/lib/thumb/v6-m/nofp/libg.a(lib_a-strlen-stub.o)
                              src/CMakeFiles/UVBox.dir/main.cpp.obj (strlen)
/usr/lib/gcc/arm-none-eabi/13.2.1/../../../arm-none-eabi/lib/thumb/v6-m/nofp/libg.a(lib_a-__atexit.o)
                              /usr/lib/gcc/arm-none-eabi/13.2.1/../../../arm-none-eabi/lib/thumb/v6-m/nofp/libg.a(lib_a-atexit.o) (__register_exitproc)
/usr/lib/gcc/arm-none-eabi/13.2.1/../../../arm-none-eabi/lib/thumb/v6-m/nofp/libg.a(lib_a-freer.o)
                              /usr/lib/gcc/arm-none-eabi/13.2.1/../../../arm-none-eabi/lib/thumb/v6-m/nofp/libg.a(lib_a-malloc.o) (_free_r)
/usr/lib/gcc/arm-none-eabi/13.2.1/../../../arm-none-eabi/lib/thumb/v6-m/nofp/libg.a(lib_a-memmove.o)
                              /usr/lib/gcc/arm-none-eabi/13.2.1/../../../arm-none-eabi/lib/thumb/v6-m/nofp/libg.a(lib_a-reallocr.o) (memmove)
/usr/lib/gcc/arm-none-eabi/13.2.1/../../../arm-none-eabi/lib/thumb/v6-m/nofp/libg.a(lib_a-reent.o)
                              /usr/lib/gcc/arm-none-eabi/13.2.1/../../../arm-none-eabi/lib/thumb/v6-m/nofp/libg.a(lib_a-sbrkr.o) (errno)

Discarded input sections

 .text          0x00000000        0x0 /usr/lib/gcc/arm-none-eabi/13.2.1/thumb/v6-m/nofp/crti.o
 .data          0x00000000        0x0 /usr/lib/gcc/arm-none-eabi/13.2.1/thumb/v6-m/nofp/crti.o
 .bss           0x00000000        0x0 /usr/lib/gcc/arm-none-eabi/13.2.1/thumb/v6-m/nofp/crti.o
 .data          0x00000000        0x4 /usr/lib/gcc/arm-none-eabi/13.2.1/thumb/v6-m/nofp/crtbegin.o
[...]
Memory Configuration

Name             Origin             Length             Attributes
FLASH            0x10000000         0x00200000         xr
RAM              0x20000000         0x00040000         xrw
SCRATCH_X        0x20040000         0x00001000         xrw
SCRATCH_Y        0x20041000         0x00001000         xrw
*default*        0x00000000         0xffffffff

Linker script and memory map

LOAD /usr/lib/gcc/arm-none-eabi/13.2.1/thumb/v6-m/nofp/crti.o
LOAD /usr/lib/gcc/arm-none-eabi/13.2.1/thumb/v6-m/nofp/crtbegin.o
LOAD /usr/lib/gcc/arm-none-eabi/13.2.1/../../../arm-none-eabi/lib/thumb/v6-m/nofp/crt0.o

.flash_begin    0x10000000        0x0
                0x10000000                        __flash_binary_start = .

.boot2          0x10000000      0x100
                0x10000000                        __boot2_start__ = .
 *(.boot2)
 .boot2         0x10000000      0x100 /tmp/ccecpIZ0.o
                0x10000100                        __boot2_end__ = .
                0x00000001                        ASSERT (((__boot2_end__ - __boot2_start__) == 0x100), ERROR: Pico second stage bootloader must be 256 bytes in size)

.text           0x10000100     0x8230
                0x10000100                        __logical_binary_start = .
 *(.vectors)
 .vectors       0x10000100       0xd4 src/CMakeFiles/UVBox.dir/home/kedar/pico/pico-sdk/src/rp2_common/pico_standard_link/crt0.S.obj
                0x10000100                __vectors
                0x10000100                __VECTOR_TABLE
                0x100001c0                isr_invalid
                0x100001c0                __default_isrs_start
                0x100001c2                isr_nmi
                0x100001c4                isr_hardfault
                0x100001c6                isr_svcall
                0x100001c8                isr_pendsv
                0x100001ca                isr_systick
                0x100001cc                isr_irq30
                0x100001cc                __unhandled_user_irq
                0x100001cc                isr_irq13
                0x100001cc                isr_irq27
                0x100001cc                isr_irq31
                0x100001cc                isr_irq5
                0x100001cc                isr_irq11
                0x100001cc                isr_irq23
                0x100001cc                isr_irq18
                0x100001cc                isr_irq28
                0x100001cc                isr_irq19
                0x100001cc                isr_irq0
                0x100001cc                isr_irq6
                0x100001cc                isr_irq22
                0x100001cc                isr_irq17
                0x100001cc                isr_irq14
                0x100001cc                isr_irq2
                0x100001cc                isr_irq10
                0x100001cc                isr_irq8
                0x100001cc                isr_irq24
                0x100001cc                isr_irq1
                0x100001cc                isr_irq7
                0x100001cc                isr_irq21
                0x100001cc                isr_irq20
                0x100001cc                isr_irq15
                0x100001cc                isr_irq25
                0x100001cc                isr_irq4
                0x100001cc                isr_irq16
                0x100001cc                isr_irq29
                0x100001cc                isr_irq26
                0x100001cc                __default_isrs_end
                0x100001cc                isr_irq3
                0x100001cc                isr_irq12
                0x100001cc                isr_irq9
                0x100001d2                unhandled_user_irq_num_in_r0
 *(.binary_info_header)
 .binary_info_header
                0x100001d4       0x14 src/CMakeFiles/UVBox.dir/home/kedar/pico/pico-sdk/src/rp2_common/pico_standard_link/crt0.S.obj
                0x100001e8                        __binary_info_header_end = .
 *(.reset)
 .reset         0x100001e8       0xa0 src/CMakeFiles/UVBox.dir/home/kedar/pico/pico-sdk/src/rp2_common/pico_standard_link/crt0.S.obj
                0x100001e8                _entry_point
 .reset         0x10000288       0x30 src/CMakeFiles/UVBox.dir/home/kedar/pico/pico-sdk/src/rp2_common/pico_standard_link/binary_info.c.obj
 *(.init)
 .init          0x100002b8        0x4 /usr/lib/gcc/arm-none-eabi/13.2.1/thumb/v6-m/nofp/crti.o
                0x100002b8                _init
 *(EXCLUDE_FILE(*libm.a: *libc.a:*lib_a-mem*.o *libgcc.a:) .text*)
 .text          0x100002bc       0x98 /usr/lib/gcc/arm-none-eabi/13.2.1/thumb/v6-m/nofp/crtbegin.o
 .text.pwm_set_chan_level
                0x10000354       0x40 src/CMakeFiles/UVBox.dir/main.cpp.obj
 .text._Z41__static_initialization_and_destruction_0v
                0x10000394       0x2c src/CMakeFiles/UVBox.dir/main.cpp.obj
 .text._ZL20update_us_since_bootP15absolute_time_ty
                0x100003c0       0x24 src/CMakeFiles/UVBox.dir/main.cpp.obj
 .text.delayed_by_ms
                0x100003e4       0x38 src/CMakeFiles/UVBox.dir/main.cpp.obj
 .text.get_absolute_time
                0x1000041c       0x16 src/CMakeFiles/UVBox.dir/main.cpp.obj
 *fill*         0x10000432        0x2 
 .text._Z11uv_box_initv
                0x10000434       0x90 src/CMakeFiles/UVBox.dir/main.cpp.obj
                0x10000434                uv_box_init()
 .text._Z10print_menui
                0x100004c4      0x168 src/CMakeFiles/UVBox.dir/main.cpp.obj
                0x100004c4                print_menu(int)
 .text._Z13set_intensityv
                0x1000062c       0x88 src/CMakeFiles/UVBox.dir/main.cpp.obj
                0x1000062c                set_intensity()
 .text._Z12set_durationv
                0x100006b4       0xa8 src/CMakeFiles/UVBox.dir/main.cpp.obj
                0x100006b4                set_duration()
 .text._Z9map_rangefffff
                0x1000075c       0x5c src/CMakeFiles/UVBox.dir/main.cpp.obj
                0x1000075c                map_range(float, float, float, float, float)
 .text._Z14start_exposurev
                0x100007b8      0x26c src/CMakeFiles/UVBox.dir/main.cpp.obj
                0x100007b8                start_exposure()
 .text._Z13state_machinev
                0x10000a24       0xd0 src/CMakeFiles/UVBox.dir/main.cpp.obj
                0x10000a24                state_machine()
 .text.main     0x10000af4       0xac src/CMakeFiles/UVBox.dir/main.cpp.obj
                0x10000af4                main
 .text._GLOBAL__sub_I_oLED
                0x10000ba0        0x8 src/CMakeFiles/UVBox.dir/main.cpp.obj
 .text.gpio_set_function
                0x10000ba8       0x30 src/CMakeFiles/UVBox.dir/home/kedar/pico/pico-sdk/src/rp2_common/hardware_gpio/gpio.c.obj
                0x10000ba8                gpio_set_function
 .text.gpio_set_pulls
                0x10000bd8       0x34 src/CMakeFiles/UVBox.dir/home/kedar/pico/pico-sdk/src/rp2_common/hardware_gpio/gpio.c.obj
                0x10000bd8                gpio_set_pulls
 .text.gpio_set_irq_callback
                0x10000c0c       0x48 src/CMakeFiles/UVBox.dir/home/kedar/pico/pico-sdk/src/rp2_common/hardware_gpio/gpio.c.obj
                0x10000c0c                gpio_set_irq_callback
 .text.gpio_acknowledge_irq
                0x10000c54       0x18 src/CMakeFiles/UVBox.dir/home/kedar/pico/pico-sdk/src/rp2_common/hardware_gpio/gpio.c.obj
                0x10000c54                gpio_acknowledge_irq
 .text._gpio_set_irq_enabled
                0x10000c6c       0x34 src/CMakeFiles/UVBox.dir/home/kedar/pico/pico-sdk/src/rp2_common/hardware_gpio/gpio.c.obj
 .text.gpio_set_irq_enabled
                0x10000ca0       0x20 src/CMakeFiles/UVBox.dir/home/kedar/pico/pico-sdk/src/rp2_common/hardware_gpio/gpio.c.obj
                0x10000ca0                gpio_set_irq_enabled
 .text.gpio_set_irq_enabled_with_callback
                0x10000cc0       0x20 src/CMakeFiles/UVBox.dir/home/kedar/pico/pico-sdk/src/rp2_common/hardware_gpio/gpio.c.obj
                0x10000cc0                gpio_set_irq_enabled_with_callback
 .text.gpio_default_irq_handler
                0x10000ce0       0x98 src/CMakeFiles/UVBox.dir/home/kedar/pico/pico-sdk/src/rp2_common/hardware_gpio/gpio.c.obj
 .text.gpio_init
                0x10000d78       0x16 src/CMakeFiles/UVBox.dir/home/kedar/pico/pico-sdk/src/rp2_common/hardware_gpio/gpio.c.obj
                0x10000d78                gpio_init
 *fill*         0x10000d8e        0x2 
 .text.running_on_fpga
                0x10000d90       0x14 src/CMakeFiles/UVBox.dir/home/kedar/pico/pico-sdk/src/rp2_common/pico_platform/platform.c.obj
                0x10000d90                running_on_fpga
 .text.hw_claim_lock
                0x10000da4       0x18 src/CMakeFiles/UVBox.dir/home/kedar/pico/pico-sdk/src/rp2_common/hardware_claim/claim.c.obj
                0x10000da4                hw_claim_lock
 .text.hw_claim_unlock
                0x10000dbc       0x14 src/CMakeFiles/UVBox.dir/home/kedar/pico/pico-sdk/src/rp2_common/hardware_claim/claim.c.obj
                0x10000dbc                hw_claim_unlock
 .text.hw_claim_or_assert
                0x10000dd0       0x32 src/CMakeFiles/UVBox.dir/home/kedar/pico/pico-sdk/src/rp2_common/hardware_claim/claim.c.obj
                0x10000dd0                hw_claim_or_assert
 .text.hw_claim_unused_from_range
                0x10000e02       0x50 src/CMakeFiles/UVBox.dir/home/kedar/pico/pico-sdk/src/rp2_common/hardware_claim/claim.c.obj
                0x10000e02                hw_claim_unused_from_range
 *fill*         0x10000e52        0x2 
 .text.spin_locks_reset
                0x10000e54       0x20 src/CMakeFiles/UVBox.dir/home/kedar/pico/pico-sdk/src/rp2_common/hardware_sync/sync.c.obj
                0x10000e54                spin_locks_reset
 .text.next_striped_spin_lock_num
                0x10000e74       0x1c src/CMakeFiles/UVBox.dir/home/kedar/pico/pico-sdk/src/rp2_common/hardware_sync/sync.c.obj
                0x10000e74                next_striped_spin_lock_num
 .text.spin_lock_claim_unused
                0x10000e90       0x24 src/CMakeFiles/UVBox.dir/home/kedar/pico/pico-sdk/src/rp2_common/hardware_sync/sync.c.obj
                0x10000e90                spin_lock_claim_unused
 .text.set_raw_irq_handler_and_unlock
                0x10000eb4       0x28 src/CMakeFiles/UVBox.dir/home/kedar/pico/pico-sdk/src/rp2_common/hardware_irq/irq.c.obj
 .text.resolve_branch
                0x10000edc       0x30 src/CMakeFiles/UVBox.dir/home/kedar/pico/pico-sdk/src/rp2_common/hardware_irq/irq.c.obj
 .text.make_branch
                0x10000f0c       0x48 src/CMakeFiles/UVBox.dir/home/kedar/pico/pico-sdk/src/rp2_common/hardware_irq/irq.c.obj
 .text.insert_branch_and_link
                0x10000f54       0x40 src/CMakeFiles/UVBox.dir/home/kedar/pico/pico-sdk/src/rp2_common/hardware_irq/irq.c.obj
 .text.irq_is_enabled
                0x10000f94       0x18 src/CMakeFiles/UVBox.dir/home/kedar/pico/pico-sdk/src/rp2_common/hardware_irq/irq.c.obj
                0x10000f94                irq_is_enabled
 .text.irq_set_mask_enabled
                0x10000fac       0x20 src/CMakeFiles/UVBox.dir/home/kedar/pico/pico-sdk/src/rp2_common/hardware_irq/irq.c.obj
                0x10000fac                irq_set_mask_enabled
 .text.irq_set_enabled
                0x10000fcc        0xe src/CMakeFiles/UVBox.dir/home/kedar/pico/pico-sdk/src/rp2_common/hardware_irq/irq.c.obj
                0x10000fcc                irq_set_enabled
 *fill*         0x10000fda        0x2 
 .text.irq_set_pending
                0x10000fdc       0x10 src/CMakeFiles/UVBox.dir/home/kedar/pico/pico-sdk/src/rp2_common/hardware_irq/irq.c.obj
                0x10000fdc                irq_set_pending
 .text.irq_get_vtable_handler
                0x10000fec       0x10 src/CMakeFiles/UVBox.dir/home/kedar/pico/pico-sdk/src/rp2_common/hardware_irq/irq.c.obj
                0x10000fec                irq_get_vtable_handler
 .text.irq_has_shared_handler
                0x10000ffc       0x24 src/CMakeFiles/UVBox.dir/home/kedar/pico/pico-sdk/src/rp2_common/hardware_irq/irq.c.obj
                0x10000ffc                irq_has_shared_handler
 .text.irq_set_exclusive_handler
                0x10001020       0x54 src/CMakeFiles/UVBox.dir/home/kedar/pico/pico-sdk/src/rp2_common/hardware_irq/irq.c.obj
                0x10001020                irq_set_exclusive_handler
 .text.irq_add_shared_handler
                0x10001074      0x210 src/CMakeFiles/UVBox.dir/home/kedar/pico/pico-sdk/src/rp2_common/hardware_irq/irq.c.obj
                0x10001074                irq_add_shared_handler
 .text.irq_remove_handler
                0x10001284      0x188 src/CMakeFiles/UVBox.dir/home/kedar/pico/pico-sdk/src/rp2_common/hardware_irq/irq.c.obj
                0x10001284                irq_remove_handler
 .text.irq_add_tail_to_free_list
                0x1000140c       0xf0 src/CMakeFiles/UVBox.dir/home/kedar/pico/pico-sdk/src/rp2_common/hardware_irq/irq.c.obj
                0x1000140c                irq_add_tail_to_free_list
 .text.irq_init_priorities
                0x100014fc       0x1c src/CMakeFiles/UVBox.dir/home/kedar/pico/pico-sdk/src/rp2_common/hardware_irq/irq.c.obj
                0x100014fc                irq_init_priorities
 .text.user_irq_claim_unused
                0x10001518       0x2c src/CMakeFiles/UVBox.dir/home/kedar/pico/pico-sdk/src/rp2_common/hardware_irq/irq.c.obj
                0x10001518                user_irq_claim_unused
 .text.lock_init
                0x10001544       0x10 src/CMakeFiles/UVBox.dir/home/kedar/pico/pico-sdk/src/common/pico_sync/lock_core.c.obj
                0x10001544                lock_init
 .text.update_us_since_boot
                0x10001554       0x24 src/CMakeFiles/UVBox.dir/home/kedar/pico/pico-sdk/src/common/pico_sync/mutex.c.obj
 .text.delayed_by_ms
                0x10001578       0x44 src/CMakeFiles/UVBox.dir/home/kedar/pico/pico-sdk/src/common/pico_sync/mutex.c.obj
 .text.get_absolute_time
                0x100015bc       0x22 src/CMakeFiles/UVBox.dir/home/kedar/pico/pico-sdk/src/common/pico_sync/mutex.c.obj
 .text.make_timeout_time_ms
                0x100015de       0x20 src/CMakeFiles/UVBox.dir/home/kedar/pico/pico-sdk/src/common/pico_sync/mutex.c.obj
 .text.mutex_init
                0x100015fe       0x1a src/CMakeFiles/UVBox.dir/home/kedar/pico/pico-sdk/src/common/pico_sync/mutex.c.obj
                0x100015fe                mutex_init
 .text.recursive_mutex_init
                0x10001618       0x1e src/CMakeFiles/UVBox.dir/home/kedar/pico/pico-sdk/src/common/pico_sync/mutex.c.obj
                0x10001618                recursive_mutex_init
 *fill*         0x10001636        0x2 
 .text.critical_section_init_with_lock_num
                0x10001638       0x14 src/CMakeFiles/UVBox.dir/home/kedar/pico/pico-sdk/src/common/pico_sync/critical_section.c.obj
                0x10001638                critical_section_init_with_lock_num
 .text.critical_section_init
                0x1000164c       0x14 src/CMakeFiles/UVBox.dir/home/kedar/pico/pico-sdk/src/common/pico_sync/critical_section.c.obj
                0x1000164c                critical_section_init
 .text.time_reached
                0x10001660       0x28 src/CMakeFiles/UVBox.dir/home/kedar/pico/pico-sdk/src/common/pico_time/time.c.obj
 .text.get_entry
                0x10001688       0x38 src/CMakeFiles/UVBox.dir/home/kedar/pico/pico-sdk/src/common/pico_time/time.c.obj
 .text.timer_pool_entry_comparator
                0x100016c0       0x2e src/CMakeFiles/UVBox.dir/home/kedar/pico/pico-sdk/src/common/pico_time/time.c.obj
                0x100016c0                timer_pool_entry_comparator
 *fill*         0x100016ee        0x2 
 .text.update_us_since_boot
                0x100016f0       0x24 src/CMakeFiles/UVBox.dir/home/kedar/pico/pico-sdk/src/common/pico_time/time.c.obj
 .text.delayed_by_us
                0x10001714       0x34 src/CMakeFiles/UVBox.dir/home/kedar/pico/pico-sdk/src/common/pico_time/time.c.obj
 .text.ph_get_node
                0x10001748       0x30 src/CMakeFiles/UVBox.dir/home/kedar/pico/pico-sdk/src/common/pico_time/time.c.obj
 .text.ph_contains_node
                0x10001778       0x1e src/CMakeFiles/UVBox.dir/home/kedar/pico/pico-sdk/src/common/pico_time/time.c.obj
 .text.ph_new_node
                0x10001796       0x28 src/CMakeFiles/UVBox.dir/home/kedar/pico/pico-sdk/src/common/pico_time/time.c.obj
 *fill*         0x100017be        0x2 
 .text.ph_add_child_node
                0x100017c0       0x6c src/CMakeFiles/UVBox.dir/home/kedar/pico/pico-sdk/src/common/pico_time/time.c.obj
 .text.ph_merge_nodes
                0x1000182c       0x3e src/CMakeFiles/UVBox.dir/home/kedar/pico/pico-sdk/src/common/pico_time/time.c.obj
 *fill*         0x1000186a        0x2 
 .text.ph_insert_node
                0x1000186c       0x3c src/CMakeFiles/UVBox.dir/home/kedar/pico/pico-sdk/src/common/pico_time/time.c.obj
 .text.ph_free_node
                0x100018a8       0x5c src/CMakeFiles/UVBox.dir/home/kedar/pico/pico-sdk/src/common/pico_time/time.c.obj
 .text.get_entry_id_high
                0x10001904       0x30 src/CMakeFiles/UVBox.dir/home/kedar/pico/pico-sdk/src/common/pico_time/time.c.obj
 .text.alarm_pool_post_alloc_init
                0x10001934       0x40 src/CMakeFiles/UVBox.dir/home/kedar/pico/pico-sdk/src/common/pico_time/time.c.obj
 .text.sleep_until_callback
                0x10001974       0x30 src/CMakeFiles/UVBox.dir/home/kedar/pico/pico-sdk/src/common/pico_time/time.c.obj
 .text.get_absolute_time
                0x100019a4       0x22 src/CMakeFiles/UVBox.dir/home/kedar/pico/pico-sdk/src/common/pico_time/time.c.obj
 .text.make_timeout_time_us
                0x100019c6       0x24 src/CMakeFiles/UVBox.dir/home/kedar/pico/pico-sdk/src/common/pico_time/time.c.obj
 *fill*         0x100019ea        0x2 
 .text.add_alarm_under_lock
                0x100019ec       0x94 src/CMakeFiles/UVBox.dir/home/kedar/pico/pico-sdk/src/common/pico_time/time.c.obj
 .text.alarm_pool_alarm_callback
                0x10001a80      0x210 src/CMakeFiles/UVBox.dir/home/kedar/pico/pico-sdk/src/common/pico_time/time.c.obj
 .text.alarm_pool_init_default
                0x10001c90       0x40 src/CMakeFiles/UVBox.dir/home/kedar/pico/pico-sdk/src/common/pico_time/time.c.obj
                0x10001c90                alarm_pool_init_default
 .text.alarm_pool_get_default
                0x10001cd0       0x2c src/CMakeFiles/UVBox.dir/home/kedar/pico/pico-sdk/src/common/pico_time/time.c.obj
                0x10001cd0                alarm_pool_get_default
 .text.alarm_pool_add_alarm_at
                0x10001cfc      0x10e src/CMakeFiles/UVBox.dir/home/kedar/pico/pico-sdk/src/common/pico_time/time.c.obj
                0x10001cfc                alarm_pool_add_alarm_at
 .text.add_alarm_at
                0x10001e0a       0x2e src/CMakeFiles/UVBox.dir/home/kedar/pico/pico-sdk/src/common/pico_time/time.c.obj
 .text.alarm_pool_cancel_alarm
                0x10001e38       0xa8 src/CMakeFiles/UVBox.dir/home/kedar/pico/pico-sdk/src/common/pico_time/time.c.obj
                0x10001e38                alarm_pool_cancel_alarm
 .text.cancel_alarm
                0x10001ee0       0x10 src/CMakeFiles/UVBox.dir/home/kedar/pico/pico-sdk/src/common/pico_time/time.c.obj
 .text.alarm_pool_core_num
                0x10001ef0        0x4 src/CMakeFiles/UVBox.dir/home/kedar/pico/pico-sdk/src/common/pico_time/time.c.obj
                0x10001ef0                alarm_pool_core_num
 .text.sleep_until
                0x10001ef4       0xb0 src/CMakeFiles/UVBox.dir/home/kedar/pico/pico-sdk/src/common/pico_time/time.c.obj
                0x10001ef4                sleep_until
 .text.sleep_us
                0x10001fa4       0x1a src/CMakeFiles/UVBox.dir/home/kedar/pico/pico-sdk/src/common/pico_time/time.c.obj
                0x10001fa4                sleep_us
 .text.sleep_ms
                0x10001fbe       0x14 src/CMakeFiles/UVBox.dir/home/kedar/pico/pico-sdk/src/common/pico_time/time.c.obj
                0x10001fbe                sleep_ms
 *fill*         0x10001fd2        0x2 
 .text.best_effort_wfe_or_timeout
                0x10001fd4       0x44 src/CMakeFiles/UVBox.dir/home/kedar/pico/pico-sdk/src/common/pico_time/time.c.obj
                0x10001fd4                best_effort_wfe_or_timeout
 .text.hardware_alarm_irq_handler
                0x10002018       0x8c src/CMakeFiles/UVBox.dir/home/kedar/pico/pico-sdk/src/rp2_common/hardware_timer/timer.c.obj
 .text.hardware_alarm_claim
                0x100020a4       0x18 src/CMakeFiles/UVBox.dir/home/kedar/pico/pico-sdk/src/rp2_common/hardware_timer/timer.c.obj
                0x100020a4                hardware_alarm_claim
 .text.time_us_64
                0x100020bc       0x18 src/CMakeFiles/UVBox.dir/home/kedar/pico/pico-sdk/src/rp2_common/hardware_timer/timer.c.obj
                0x100020bc                time_us_64
 .text.busy_wait_until
                0x100020d4       0x28 src/CMakeFiles/UVBox.dir/home/kedar/pico/pico-sdk/src/rp2_common/hardware_timer/timer.c.obj
                0x100020d4                busy_wait_until
 .text.hardware_alarm_set_callback
                0x100020fc       0x90 src/CMakeFiles/UVBox.dir/home/kedar/pico/pico-sdk/src/rp2_common/hardware_timer/timer.c.obj
                0x100020fc                hardware_alarm_set_callback
 .text.hardware_alarm_set_target
                0x1000218c       0xe8 src/CMakeFiles/UVBox.dir/home/kedar/pico/pico-sdk/src/rp2_common/hardware_timer/timer.c.obj
                0x1000218c                hardware_alarm_set_target
 .text.hardware_alarm_cancel
                0x10002274       0x40 src/CMakeFiles/UVBox.dir/home/kedar/pico/pico-sdk/src/rp2_common/hardware_timer/timer.c.obj
                0x10002274                hardware_alarm_cancel
 .text.ph_get_node
                0x100022b4       0x30 src/CMakeFiles/UVBox.dir/home/kedar/pico/pico-sdk/src/common/pico_util/pheap.c.obj
 .text.ph_add_child_node
                0x100022e4       0x6c src/CMakeFiles/UVBox.dir/home/kedar/pico/pico-sdk/src/common/pico_util/pheap.c.obj
 .text.ph_merge_nodes
                0x10002350       0x3e src/CMakeFiles/UVBox.dir/home/kedar/pico/pico-sdk/src/common/pico_util/pheap.c.obj
 .text.ph_clear
                0x1000238e       0x34 src/CMakeFiles/UVBox.dir/home/kedar/pico/pico-sdk/src/common/pico_util/pheap.c.obj
                0x1000238e                ph_clear
 .text.ph_post_alloc_init
                0x100023c2        0xe src/CMakeFiles/UVBox.dir/home/kedar/pico/pico-sdk/src/common/pico_util/pheap.c.obj
                0x100023c2                ph_post_alloc_init
 .text.ph_merge_two_pass
                0x100023d0       0x5c src/CMakeFiles/UVBox.dir/home/kedar/pico/pico-sdk/src/common/pico_util/pheap.c.obj
                0x100023d0                ph_merge_two_pass
 .text.ph_remove_any_head
                0x1000242c       0xc0 src/CMakeFiles/UVBox.dir/home/kedar/pico/pico-sdk/src/common/pico_util/pheap.c.obj
 .text.ph_remove_head
                0x100024ec       0x14 src/CMakeFiles/UVBox.dir/home/kedar/pico/pico-sdk/src/common/pico_util/pheap.c.obj
                0x100024ec                ph_remove_head
 .text.ph_remove_and_free_node
                0x10002500       0xa0 src/CMakeFiles/UVBox.dir/home/kedar/pico/pico-sdk/src/common/pico_util/pheap.c.obj
                0x10002500                ph_remove_and_free_node
 .text.clock_configure
                0x100025a0      0x108 src/CMakeFiles/UVBox.dir/home/kedar/pico/pico-sdk/src/rp2_common/hardware_clocks/clocks.c.obj
                0x100025a0                clock_configure
 .text.clocks_init
                0x100026a8      0x100 src/CMakeFiles/UVBox.dir/home/kedar/pico/pico-sdk/src/rp2_common/hardware_clocks/clocks.c.obj
                0x100026a8                clocks_init
 .text.clock_get_hz
                0x100027a8        0xc src/CMakeFiles/UVBox.dir/home/kedar/pico/pico-sdk/src/rp2_common/hardware_clocks/clocks.c.obj
                0x100027a8                clock_get_hz
 .text.pll_init
                0x100027b4      0x120 src/CMakeFiles/UVBox.dir/home/kedar/pico/pico-sdk/src/rp2_common/hardware_pll/pll.c.obj
                0x100027b4                pll_init
 .text.watchdog_start_tick
                0x100028d4       0x10 src/CMakeFiles/UVBox.dir/home/kedar/pico/pico-sdk/src/rp2_common/hardware_watchdog/watchdog.c.obj
                0x100028d4                watchdog_start_tick
 .text.watchdog_update
                0x100028e4       0x14 src/CMakeFiles/UVBox.dir/home/kedar/pico/pico-sdk/src/rp2_common/hardware_watchdog/watchdog.c.obj
                0x100028e4                watchdog_update
 .text._watchdog_enable
                0x100028f8       0x78 src/CMakeFiles/UVBox.dir/home/kedar/pico/pico-sdk/src/rp2_common/hardware_watchdog/watchdog.c.obj
                0x100028f8                _watchdog_enable
 .text.watchdog_reboot
                0x10002970       0x48 src/CMakeFiles/UVBox.dir/home/kedar/pico/pico-sdk/src/rp2_common/hardware_watchdog/watchdog.c.obj
                0x10002970                watchdog_reboot
 .text.xosc_init
                0x100029b8       0x28 src/CMakeFiles/UVBox.dir/home/kedar/pico/pico-sdk/src/rp2_common/hardware_xosc/xosc.c.obj
                0x100029b8                xosc_init
 .text._exit    0x100029e0        0x4 src/CMakeFiles/UVBox.dir/home/kedar/pico/pico-sdk/src/rp2_common/pico_runtime/runtime.c.obj
                0x100029e0                _exit
 .text.exit     0x100029e4        0x6 src/CMakeFiles/UVBox.dir/home/kedar/pico/pico-sdk/src/rp2_common/pico_runtime/runtime.c.obj
                0x100029e4                exit
 *fill*         0x100029ea        0x2 
 .text.__assert_func
                0x100029ec       0x38 src/CMakeFiles/UVBox.dir/home/kedar/pico/pico-sdk/src/rp2_common/pico_runtime/runtime.c.obj
                0x100029ec                __assert_func
 .text.runtime_init
                0x10002a24       0xf8 src/CMakeFiles/UVBox.dir/home/kedar/pico/pico-sdk/src/rp2_common/pico_runtime/runtime.c.obj
                0x10002a24                runtime_init
 .text.panic    0x10002b1c       0x30 src/CMakeFiles/UVBox.dir/home/kedar/pico/pico-sdk/src/rp2_common/pico_runtime/runtime.c.obj
                0x10002b1c                panic
 .text._out_buffer
                0x10002b4c        0x8 src/CMakeFiles/UVBox.dir/home/kedar/pico/pico-sdk/src/rp2_common/pico_printf/printf.c.obj
 .text._out_null
                0x10002b54        0x2 src/CMakeFiles/UVBox.dir/home/kedar/pico/pico-sdk/src/rp2_common/pico_printf/printf.c.obj
 .text._out_fct
                0x10002b56        0xe src/CMakeFiles/UVBox.dir/home/kedar/pico/pico-sdk/src/rp2_common/pico_printf/printf.c.obj
 .text._atoi    0x10002b64       0x24 src/CMakeFiles/UVBox.dir/home/kedar/pico/pico-sdk/src/rp2_common/pico_printf/printf.c.obj
 .text._out_rev
                0x10002b88       0xae src/CMakeFiles/UVBox.dir/home/kedar/pico/pico-sdk/src/rp2_common/pico_printf/printf.c.obj
 .text._ntoa_format
                0x10002c36      0x110 src/CMakeFiles/UVBox.dir/home/kedar/pico/pico-sdk/src/rp2_common/pico_printf/printf.c.obj
 .text._ntoa_long
                0x10002d46       0xbc src/CMakeFiles/UVBox.dir/home/kedar/pico/pico-sdk/src/rp2_common/pico_printf/printf.c.obj
 .text._ntoa_long_long
                0x10002e02      0x10e src/CMakeFiles/UVBox.dir/home/kedar/pico/pico-sdk/src/rp2_common/pico_printf/printf.c.obj
 .text._etoa    0x10002f10      0x420 src/CMakeFiles/UVBox.dir/home/kedar/pico/pico-sdk/src/rp2_common/pico_printf/printf.c.obj
 .text._ftoa    0x10003330      0x354 src/CMakeFiles/UVBox.dir/home/kedar/pico/pico-sdk/src/rp2_common/pico_printf/printf.c.obj
 .text._vsnprintf
                0x10003684      0x668 src/CMakeFiles/UVBox.dir/home/kedar/pico/pico-sdk/src/rp2_common/pico_printf/printf.c.obj
 .text.__wrap_sprintf
                0x10003cec       0x2c src/CMakeFiles/UVBox.dir/home/kedar/pico/pico-sdk/src/rp2_common/pico_printf/printf.c.obj
                0x10003cec                __wrap_sprintf
 .text.vfctprintf
                0x10003d18       0x20 src/CMakeFiles/UVBox.dir/home/kedar/pico/pico-sdk/src/rp2_common/pico_printf/printf.c.obj
                0x10003d18                vfctprintf
 .text          0x10003d38       0x10 src/CMakeFiles/UVBox.dir/home/kedar/pico/pico-sdk/src/rp2_common/pico_bit_ops/bit_ops_aeabi.S.obj
 .text.rom_func_lookup
                0x10003d48       0x10 src/CMakeFiles/UVBox.dir/home/kedar/pico/pico-sdk/src/rp2_common/pico_bootrom/bootrom.c.obj
                0x10003d48                rom_func_lookup
 .text.rom_data_lookup
                0x10003d58       0x10 src/CMakeFiles/UVBox.dir/home/kedar/pico/pico-sdk/src/rp2_common/pico_bootrom/bootrom.c.obj
                0x10003d58                rom_data_lookup
 .text.rom_funcs_lookup
                0x10003d68       0x36 src/CMakeFiles/UVBox.dir/home/kedar/pico/pico-sdk/src/rp2_common/pico_bootrom/bootrom.c.obj
                0x10003d68                rom_funcs_lookup
 *fill*         0x10003d9e        0x2 
 .text.__wrap___aeabi_idiv
                0x10003da0       0x50 src/CMakeFiles/UVBox.dir/home/kedar/pico/pico-sdk/src/rp2_common/pico_divider/divider.S.obj
                0x10003da0                __wrap___aeabi_idivmod
                0x10003da0                divmod_s32s32
                0x10003da0                div_s32s32
                0x10003da0                __wrap___aeabi_idiv
                0x10003da8                divmod_s32s32_unsafe
                0x10003dd4                divmod_s32s32_savestate
 .text.__wrap___aeabi_uidiv
                0x10003df0       0x4c src/CMakeFiles/UVBox.dir/home/kedar/pico/pico-sdk/src/rp2_common/pico_divider/divider.S.obj
                0x10003df0                __wrap___aeabi_uidiv
                0x10003df0                __wrap___aeabi_uidivmod
                0x10003df0                div_u32u32
                0x10003df0                divmod_u32u32
                0x10003df8                divmod_u32u32_unsafe
                0x10003e20                divmod_u32u32_savestate
 .text.__wrap___aeabi_ldiv
                0x10003e3c      0x424 src/CMakeFiles/UVBox.dir/home/kedar/pico/pico-sdk/src/rp2_common/pico_divider/divider.S.obj
                0x10003e3c                div_s64s64
                0x10003e3c                divmod_s64s64
                0x10003e3c                __wrap___aeabi_ldivmod
                0x10003e6c                div_u64u64
                0x10003e6c                divmod_u64u64
                0x10003e6c                __wrap___aeabi_uldivmod
                0x10003e7c                divmod_u64u64_savestate
                0x10003e9c                divmod_s64s64_unsafe
                0x10003f24                divmod_u64u64_unsafe
 .text.__wrap___aeabi_darithmetic
                0x10004260       0x80 src/CMakeFiles/UVBox.dir/home/kedar/pico/pico-sdk/src/rp2_common/pico_double/double_aeabi.S.obj
                0x10004260                __wrap___aeabi_drsub
                0x10004266                __wrap___aeabi_dsub
                0x10004278                __wrap___aeabi_dadd
                0x1000428a                __wrap___aeabi_ddiv
                0x100042c6                __wrap___aeabi_dmul
 .text.__wrap___aeabi_cdcmple
                0x100042e0       0x6c src/CMakeFiles/UVBox.dir/home/kedar/pico/pico-sdk/src/rp2_common/pico_double/double_aeabi.S.obj
                0x100042e0                __wrap___aeabi_cdrcmple
                0x100042f0                __wrap___aeabi_cdcmple
                0x100042f0                __wrap___aeabi_cdcmpeq
 .text.__wrap___aeabi_dcmplt
                0x1000434c        0xc src/CMakeFiles/UVBox.dir/home/kedar/pico/pico-sdk/src/rp2_common/pico_double/double_aeabi.S.obj
                0x1000434c                __wrap___aeabi_dcmplt
 .text.__wrap___aeabi_dcmple
                0x10004358       0x10 src/CMakeFiles/UVBox.dir/home/kedar/pico/pico-sdk/src/rp2_common/pico_double/double_aeabi.S.obj
                0x10004358                __wrap___aeabi_dcmple
 .text.__wrap___aeabi_dcmpge
                0x10004368       0x10 src/CMakeFiles/UVBox.dir/home/kedar/pico/pico-sdk/src/rp2_common/pico_double/double_aeabi.S.obj
                0x10004368                __wrap___aeabi_dcmpge
 .text.__wrap___aeabi_dcmpgt
                0x10004378        0xa src/CMakeFiles/UVBox.dir/home/kedar/pico/pico-sdk/src/rp2_common/pico_double/double_aeabi.S.obj
                0x10004378                __wrap___aeabi_dcmpgt
 .text.__wrap___aeabi_dcmpun
                0x10004382       0x1c src/CMakeFiles/UVBox.dir/home/kedar/pico/pico-sdk/src/rp2_common/pico_double/double_aeabi.S.obj
                0x10004382                __wrap___aeabi_dcmpun
 *fill*         0x1000439e        0x2 
 .text.__wrap___aeabi_i2d
                0x100043a0       0x38 src/CMakeFiles/UVBox.dir/home/kedar/pico/pico-sdk/src/rp2_common/pico_double/double_aeabi.S.obj
                0x100043a0                __wrap___aeabi_ui2d
                0x100043a8                __wrap___aeabi_i2d
 .text.__wrap___aeabi_d2iz
                0x100043d8       0x48 src/CMakeFiles/UVBox.dir/home/kedar/pico/pico-sdk/src/rp2_common/pico_double/double_aeabi.S.obj
                0x100043d8                __wrap___aeabi_d2iz
                0x100043d8                double2int_z
 .text.__wrap___aeabi_d2uiz
                0x10004420       0x18 src/CMakeFiles/UVBox.dir/home/kedar/pico/pico-sdk/src/rp2_common/pico_double/double_aeabi.S.obj
                0x10004420                double2uint
                0x10004420                __wrap___aeabi_d2uiz
 .text.__aeabi_double_init
                0x10004438       0xcc src/CMakeFiles/UVBox.dir/home/kedar/pico/pico-sdk/src/rp2_common/pico_double/double_init_rom.c.obj
                0x10004438                __aeabi_double_init
 .text.double_table_shim_on_use_helper
                0x10004504       0x34 src/CMakeFiles/UVBox.dir/home/kedar/pico/pico-sdk/src/rp2_common/pico_double/double_v1_rom_shim.S.obj
                0x10004504                double_table_shim_on_use_helper
 .text.__wrap___aeabi_dsub
                0x10004538       0x10 src/CMakeFiles/UVBox.dir/home/kedar/pico/pico-sdk/src/rp2_common/pico_double/double_v1_rom_shim.S.obj
                0x10004538                drsub_shim
                0x1000453e                dsub_shim
 .text.dadd_shim
                0x10004548      0x15c src/CMakeFiles/UVBox.dir/home/kedar/pico/pico-sdk/src/rp2_common/pico_double/double_v1_rom_shim.S.obj
                0x10004548                dadd_shim
 .text.dmul_shim
                0x100046a4      0x15c src/CMakeFiles/UVBox.dir/home/kedar/pico/pico-sdk/src/rp2_common/pico_double/double_v1_rom_shim.S.obj
                0x100046a4                dmul_shim
 .text.ddiv_shim
                0x10004800      0x1b0 src/CMakeFiles/UVBox.dir/home/kedar/pico/pico-sdk/src/rp2_common/pico_double/double_v1_rom_shim.S.obj
                0x10004800                ddiv_shim
 .text.double2uint_shim
                0x100049b0        0xe src/CMakeFiles/UVBox.dir/home/kedar/pico/pico-sdk/src/rp2_common/pico_double/double_v1_rom_shim.S.obj
                0x100049b0                double2uint_shim
                0x100049b2                double2ufix_shim
 *fill*         0x100049be        0x2 
 .text.double2uint64_shim
                0x100049c0       0x70 src/CMakeFiles/UVBox.dir/home/kedar/pico/pico-sdk/src/rp2_common/pico_double/double_v1_rom_shim.S.obj
                0x100049c0                double2uint64_shim
                0x100049c2                double2ufix64_shim
                0x100049e2                d2fix_a
 .text.dunpacks
                0x10004a30       0x3c src/CMakeFiles/UVBox.dir/home/kedar/pico/pico-sdk/src/rp2_common/pico_double/double_v1_rom_shim.S.obj
                0x10004a30                dunpacks
 .text.__aeabi_lmul
                0x10004a6c       0x32 src/CMakeFiles/UVBox.dir/home/kedar/pico/pico-sdk/src/rp2_common/pico_int64_ops/pico_int64_ops_aeabi.S.obj
                0x10004a6c                __wrap___aeabi_lmul
 *fill*         0x10004a9e        0x2 
 .text.__wrap___aeabi_farithmetic
                0x10004aa0       0x58 src/CMakeFiles/UVBox.dir/home/kedar/pico/pico-sdk/src/rp2_common/pico_float/float_aeabi.S.obj
                0x10004aa0                __wrap___aeabi_frsub
                0x10004aa6                __wrap___aeabi_fsub
                0x10004ab0                __wrap___aeabi_fadd
                0x10004aba                __wrap___aeabi_fdiv
                0x10004ae6                __wrap___aeabi_fmul
 .text.__wrap___aeabi_cfcmple
                0x10004af8       0x50 src/CMakeFiles/UVBox.dir/home/kedar/pico/pico-sdk/src/rp2_common/pico_float/float_aeabi.S.obj
                0x10004af8                __wrap___aeabi_cfrcmple
                0x10004b04                __wrap___aeabi_cfcmpeq
                0x10004b04                __wrap___aeabi_cfcmple
 .text.__wrap___aeabi_fcmpeq
                0x10004b48       0x10 src/CMakeFiles/UVBox.dir/home/kedar/pico/pico-sdk/src/rp2_common/pico_float/float_aeabi.S.obj
                0x10004b48                __wrap___aeabi_fcmpeq
 .text.__wrap___aeabi_ui2f
                0x10004b58        0xa src/CMakeFiles/UVBox.dir/home/kedar/pico/pico-sdk/src/rp2_common/pico_float/float_aeabi.S.obj
                0x10004b58                __wrap___aeabi_ui2f
 *fill*         0x10004b62        0x2 
 .text.__wrap___aeabi_i2f
                0x10004b64       0x44 src/CMakeFiles/UVBox.dir/home/kedar/pico/pico-sdk/src/rp2_common/pico_float/float_aeabi.S.obj
                0x10004b64                __wrap___aeabi_i2f
 .text.__wrap___aeabi_f2iz
                0x10004ba8       0x4e src/CMakeFiles/UVBox.dir/home/kedar/pico/pico-sdk/src/rp2_common/pico_float/float_aeabi.S.obj
                0x10004ba8                __wrap___aeabi_f2iz
                0x10004ba8                float2int_z
 *fill*         0x10004bf6        0x2 
 .text.float2int
                0x10004bf8       0x14 src/CMakeFiles/UVBox.dir/home/kedar/pico/pico-sdk/src/rp2_common/pico_float/float_aeabi.S.obj
                0x10004bf8                float2int
 .text.__wrap___aeabi_f2uiz
                0x10004c0c       0x10 src/CMakeFiles/UVBox.dir/home/kedar/pico/pico-sdk/src/rp2_common/pico_float/float_aeabi.S.obj
                0x10004c0c                __wrap___aeabi_f2uiz
 .text.__aeabi_float_init
                0x10004c1c       0xfc src/CMakeFiles/UVBox.dir/home/kedar/pico/pico-sdk/src/rp2_common/pico_float/float_init_rom.c.obj
                0x10004c1c                __aeabi_float_init
 .text.float_table_shim_on_use_helper
                0x10004d18       0x34 src/CMakeFiles/UVBox.dir/home/kedar/pico/pico-sdk/src/rp2_common/pico_float/float_v1_rom_shim.S.obj
                0x10004d18                float_table_shim_on_use_helper
 .text.float232_shims
                0x10004d4c       0x18 src/CMakeFiles/UVBox.dir/home/kedar/pico/pico-sdk/src/rp2_common/pico_float/float_v1_rom_shim.S.obj
                0x10004d4c                float2int_shim
                0x10004d4e                float2fix_shim
 .text          0x10004d64       0x10 src/CMakeFiles/UVBox.dir/home/kedar/pico/pico-sdk/src/rp2_common/pico_mem_ops/mem_ops_aeabi.S.obj
                0x10004d64                __aeabi_mem_init
 .text.memset   0x10004d74        0xc src/CMakeFiles/UVBox.dir/home/kedar/pico/pico-sdk/src/rp2_common/pico_mem_ops/mem_ops_aeabi.S.obj
                0x10004d74                __wrap_memset
 .text.memcpy   0x10004d80        0xc src/CMakeFiles/UVBox.dir/home/kedar/pico/pico-sdk/src/rp2_common/pico_mem_ops/mem_ops_aeabi.S.obj
                0x10004d80                __wrap___aeabi_memcpy
                0x10004d80                __wrap_memcpy
 .text.stdio_out_chars_no_crlf
                0x10004d8c        0xe src/CMakeFiles/UVBox.dir/home/kedar/pico/pico-sdk/src/rp2_common/pico_stdio/stdio.c.obj
 *fill*         0x10004d9a        0x2 
 .text.stdio_out_chars_crlf
                0x10004d9c       0x80 src/CMakeFiles/UVBox.dir/home/kedar/pico/pico-sdk/src/rp2_common/pico_stdio/stdio.c.obj
 .text.stdio_stack_buffer_flush
                0x10004e1c       0x44 src/CMakeFiles/UVBox.dir/home/kedar/pico/pico-sdk/src/rp2_common/pico_stdio/stdio.c.obj
 .text.stdio_buffered_printer
                0x10004e60       0x20 src/CMakeFiles/UVBox.dir/home/kedar/pico/pico-sdk/src/rp2_common/pico_stdio/stdio.c.obj
 .text.update_us_since_boot
                0x10004e80       0x24 src/CMakeFiles/UVBox.dir/home/kedar/pico/pico-sdk/src/rp2_common/pico_stdio/stdio.c.obj
 .text.get_absolute_time
                0x10004ea4       0x22 src/CMakeFiles/UVBox.dir/home/kedar/pico/pico-sdk/src/rp2_common/pico_stdio/stdio.c.obj
 *fill*         0x10004ec6        0x2 
 .text.delayed_by_ms
                0x10004ec8       0x44 src/CMakeFiles/UVBox.dir/home/kedar/pico/pico-sdk/src/rp2_common/pico_stdio/stdio.c.obj
 .text.make_timeout_time_ms
                0x10004f0c       0x20 src/CMakeFiles/UVBox.dir/home/kedar/pico/pico-sdk/src/rp2_common/pico_stdio/stdio.c.obj
 .text.stdout_serialize_begin
                0x10004f2c       0x20 src/CMakeFiles/UVBox.dir/home/kedar/pico/pico-sdk/src/rp2_common/pico_stdio/stdio.c.obj
                0x10004f2c                stdout_serialize_begin
 .text.stdout_serialize_end
                0x10004f4c       0x10 src/CMakeFiles/UVBox.dir/home/kedar/pico/pico-sdk/src/rp2_common/pico_stdio/stdio.c.obj
                0x10004f4c                stdout_serialize_end
 .text.stdio_put_string
                0x10004f5c       0x98 src/CMakeFiles/UVBox.dir/home/kedar/pico/pico-sdk/src/rp2_common/pico_stdio/stdio.c.obj
 .text.stdio_set_driver_enabled
                0x10004ff4       0x2c src/CMakeFiles/UVBox.dir/home/kedar/pico/pico-sdk/src/rp2_common/pico_stdio/stdio.c.obj
                0x10004ff4                stdio_set_driver_enabled
 .text.stdio_flush
                0x10005020       0x20 src/CMakeFiles/UVBox.dir/home/kedar/pico/pico-sdk/src/rp2_common/pico_stdio/stdio.c.obj
                0x10005020                stdio_flush
 .text.__wrap_puts
                0x10005040       0x1e src/CMakeFiles/UVBox.dir/home/kedar/pico/pico-sdk/src/rp2_common/pico_stdio/stdio.c.obj
                0x10005040                __wrap_puts
 *fill*         0x1000505e        0x2 
 .text.__wrap_vprintf
                0x10005060       0x40 src/CMakeFiles/UVBox.dir/home/kedar/pico/pico-sdk/src/rp2_common/pico_stdio/stdio.c.obj
                0x10005060                __wrap_vprintf
 .text.__wrap_printf
                0x100050a0       0x18 src/CMakeFiles/UVBox.dir/home/kedar/pico/pico-sdk/src/rp2_common/pico_stdio/stdio.c.obj
                0x100050a0                __wrap_printf
 .text.stdio_init_all
                0x100050b8        0x8 src/CMakeFiles/UVBox.dir/home/kedar/pico/pico-sdk/src/rp2_common/pico_stdio/stdio.c.obj
                0x100050b8                stdio_init_all
 .text.resetd_init
                0x100050c0        0x2 src/CMakeFiles/UVBox.dir/home/kedar/pico/pico-sdk/src/rp2_common/pico_stdio_usb/reset_interface.c.obj
 *fill*         0x100050c2        0x2 
 .text.resetd_reset
                0x100050c4        0xc src/CMakeFiles/UVBox.dir/home/kedar/pico/pico-sdk/src/rp2_common/pico_stdio_usb/reset_interface.c.obj
 .text.resetd_open
                0x100050d0       0x34 src/CMakeFiles/UVBox.dir/home/kedar/pico/pico-sdk/src/rp2_common/pico_stdio_usb/reset_interface.c.obj
 .text.resetd_xfer_cb
                0x10005104        0x4 src/CMakeFiles/UVBox.dir/home/kedar/pico/pico-sdk/src/rp2_common/pico_stdio_usb/reset_interface.c.obj
 .text.reset_usb_boot
                0x10005108       0x18 src/CMakeFiles/UVBox.dir/home/kedar/pico/pico-sdk/src/rp2_common/pico_stdio_usb/reset_interface.c.obj
 .text.resetd_control_xfer_cb
                0x10005120       0x5c src/CMakeFiles/UVBox.dir/home/kedar/pico/pico-sdk/src/rp2_common/pico_stdio_usb/reset_interface.c.obj
 .text.usbd_app_driver_get_cb
                0x1000517c        0xc src/CMakeFiles/UVBox.dir/home/kedar/pico/pico-sdk/src/rp2_common/pico_stdio_usb/reset_interface.c.obj
                0x1000517c                usbd_app_driver_get_cb
 .text.tud_cdc_line_coding_cb
                0x10005188       0x28 src/CMakeFiles/UVBox.dir/home/kedar/pico/pico-sdk/src/rp2_common/pico_stdio_usb/reset_interface.c.obj
                0x10005188                tud_cdc_line_coding_cb
 .text.stdio_usb_set_chars_available_callback
                0x100051b0       0x14 src/CMakeFiles/UVBox.dir/home/kedar/pico/pico-sdk/src/rp2_common/pico_stdio_usb/stdio_usb.c.obj
                0x100051b0                stdio_usb_set_chars_available_callback
 .text.update_us_since_boot
                0x100051c4       0x24 src/CMakeFiles/UVBox.dir/home/kedar/pico/pico-sdk/src/rp2_common/pico_stdio_usb/stdio_usb.c.obj
 .text.get_absolute_time
                0x100051e8       0x22 src/CMakeFiles/UVBox.dir/home/kedar/pico/pico-sdk/src/rp2_common/pico_stdio_usb/stdio_usb.c.obj
 *fill*         0x1000520a        0x2 
 .text.delayed_by_ms
                0x1000520c       0x44 src/CMakeFiles/UVBox.dir/home/kedar/pico/pico-sdk/src/rp2_common/pico_stdio_usb/stdio_usb.c.obj
 .text.make_timeout_time_ms
                0x10005250       0x20 src/CMakeFiles/UVBox.dir/home/kedar/pico/pico-sdk/src/rp2_common/pico_stdio_usb/stdio_usb.c.obj
 .text.delayed_by_us
                0x10005270       0x34 src/CMakeFiles/UVBox.dir/home/kedar/pico/pico-sdk/src/rp2_common/pico_stdio_usb/stdio_usb.c.obj
 .text.usb_irq  0x100052a4       0x10 src/CMakeFiles/UVBox.dir/home/kedar/pico/pico-sdk/src/rp2_common/pico_stdio_usb/stdio_usb.c.obj
 .text.critical_section_enter_blocking
                0x100052b4       0x16 src/CMakeFiles/UVBox.dir/home/kedar/pico/pico-sdk/src/rp2_common/pico_stdio_usb/stdio_usb.c.obj
 *fill*         0x100052ca        0x2 
 .text.timer_task
                0x100052cc       0x4c src/CMakeFiles/UVBox.dir/home/kedar/pico/pico-sdk/src/rp2_common/pico_stdio_usb/stdio_usb.c.obj
 .text.alarm_pool_add_alarm_in_us
                0x10005318       0x3a src/CMakeFiles/UVBox.dir/home/kedar/pico/pico-sdk/src/rp2_common/pico_stdio_usb/stdio_usb.c.obj
 .text.add_alarm_in_us
                0x10005352       0x2e src/CMakeFiles/UVBox.dir/home/kedar/pico/pico-sdk/src/rp2_common/pico_stdio_usb/stdio_usb.c.obj
 .text.low_priority_worker_irq
                0x10005380       0x7c src/CMakeFiles/UVBox.dir/home/kedar/pico/pico-sdk/src/rp2_common/pico_stdio_usb/stdio_usb.c.obj
 .text.tud_cdc_rx_cb
                0x100053fc       0x20 src/CMakeFiles/UVBox.dir/home/kedar/pico/pico-sdk/src/rp2_common/pico_stdio_usb/stdio_usb.c.obj
                0x100053fc                tud_cdc_rx_cb
 .text.stdio_usb_init
                0x1000541c       0xd0 src/CMakeFiles/UVBox.dir/home/kedar/pico/pico-sdk/src/rp2_common/pico_stdio_usb/stdio_usb.c.obj
                0x1000541c                stdio_usb_init
 .text.stdio_usb_connected
                0x100054ec        0xa src/CMakeFiles/UVBox.dir/home/kedar/pico/pico-sdk/src/rp2_common/pico_stdio_usb/stdio_usb.c.obj
                0x100054ec                stdio_usb_connected
 *fill*         0x100054f6        0x2 
 .text.stdio_usb_in_chars
                0x100054f8       0x88 src/CMakeFiles/UVBox.dir/home/kedar/pico/pico-sdk/src/rp2_common/pico_stdio_usb/stdio_usb.c.obj
                0x100054f8                stdio_usb_in_chars
 .text.stdio_usb_out_chars
                0x10005580       0xd8 src/CMakeFiles/UVBox.dir/home/kedar/pico/pico-sdk/src/rp2_common/pico_stdio_usb/stdio_usb.c.obj
 .text.tud_descriptor_device_cb
                0x10005658        0x8 src/CMakeFiles/UVBox.dir/home/kedar/pico/pico-sdk/src/rp2_common/pico_stdio_usb/stdio_usb_descriptors.c.obj
                0x10005658                tud_descriptor_device_cb
 .text.tud_descriptor_configuration_cb
                0x10005660        0x8 src/CMakeFiles/UVBox.dir/home/kedar/pico/pico-sdk/src/rp2_common/pico_stdio_usb/stdio_usb_descriptors.c.obj
                0x10005660                tud_descriptor_configuration_cb
 .text.tud_descriptor_string_cb
                0x10005668       0x6c src/CMakeFiles/UVBox.dir/home/kedar/pico/pico-sdk/src/rp2_common/pico_stdio_usb/stdio_usb_descriptors.c.obj
                0x10005668                tud_descriptor_string_cb
 .text._retrieve_unique_id_on_boot
                0x100056d4       0x10 src/CMakeFiles/UVBox.dir/home/kedar/pico/pico-sdk/src/rp2_common/pico_unique_id/unique_id.c.obj
 .text.pico_get_unique_board_id_string
                0x100056e4       0x5c src/CMakeFiles/UVBox.dir/home/kedar/pico/pico-sdk/src/rp2_common/pico_unique_id/unique_id.c.obj
                0x100056e4                pico_get_unique_board_id_string
 .text.flash_get_unique_id
                0x10005740       0x40 src/CMakeFiles/UVBox.dir/home/kedar/pico/pico-sdk/src/rp2_common/hardware_flash/flash.c.obj
                0x10005740                flash_get_unique_id
 .text.hw_endpoint_get_by_addr
                0x10005780       0x18 src/CMakeFiles/UVBox.dir/home/kedar/pico/pico-sdk/lib/tinyusb/src/portable/raspberrypi/rp2040/dcd_rp2040.c.obj
 .text._hw_endpoint_alloc
                0x10005798       0x70 src/CMakeFiles/UVBox.dir/home/kedar/pico/pico-sdk/lib/tinyusb/src/portable/raspberrypi/rp2040/dcd_rp2040.c.obj
 .text.hw_endpoint_init
                0x10005808       0x88 src/CMakeFiles/UVBox.dir/home/kedar/pico/pico-sdk/lib/tinyusb/src/portable/raspberrypi/rp2040/dcd_rp2040.c.obj
 .text.dcd_event_sof
                0x10005890       0x2c src/CMakeFiles/UVBox.dir/home/kedar/pico/pico-sdk/lib/tinyusb/src/portable/raspberrypi/rp2040/dcd_rp2040.c.obj
 .text.hw_endpoint_xfer
                0x100058bc       0x14 src/CMakeFiles/UVBox.dir/home/kedar/pico/pico-sdk/lib/tinyusb/src/portable/raspberrypi/rp2040/dcd_rp2040.c.obj
 .text.dcd_int_enable
                0x100058d0       0x2c src/CMakeFiles/UVBox.dir/home/kedar/pico/pico-sdk/lib/tinyusb/src/portable/raspberrypi/rp2040/dcd_rp2040.c.obj
                0x100058d0                dcd_int_enable
 .text.dcd_set_address
                0x100058fc       0x2c src/CMakeFiles/UVBox.dir/home/kedar/pico/pico-sdk/lib/tinyusb/src/portable/raspberrypi/rp2040/dcd_rp2040.c.obj
                0x100058fc                dcd_set_address
 .text.dcd_connect
                0x10005928       0x10 src/CMakeFiles/UVBox.dir/home/kedar/pico/pico-sdk/lib/tinyusb/src/portable/raspberrypi/rp2040/dcd_rp2040.c.obj
                0x10005928                dcd_connect
 .text.dcd_init
                0x10005938       0x80 src/CMakeFiles/UVBox.dir/home/kedar/pico/pico-sdk/lib/tinyusb/src/portable/raspberrypi/rp2040/dcd_rp2040.c.obj
                0x10005938                dcd_init
 .text.dcd_edpt0_status_complete
                0x100059b8       0x1c src/CMakeFiles/UVBox.dir/home/kedar/pico/pico-sdk/lib/tinyusb/src/portable/raspberrypi/rp2040/dcd_rp2040.c.obj
                0x100059b8                dcd_edpt0_status_complete
 .text.dcd_edpt_open
                0x100059d4       0x40 src/CMakeFiles/UVBox.dir/home/kedar/pico/pico-sdk/lib/tinyusb/src/portable/raspberrypi/rp2040/dcd_rp2040.c.obj
                0x100059d4                dcd_edpt_open
 .text.dcd_edpt_close_all
                0x10005a14        0x8 src/CMakeFiles/UVBox.dir/home/kedar/pico/pico-sdk/lib/tinyusb/src/portable/raspberrypi/rp2040/dcd_rp2040.c.obj
                0x10005a14                dcd_edpt_close_all
 .text.dcd_edpt_xfer
                0x10005a1c       0x34 src/CMakeFiles/UVBox.dir/home/kedar/pico/pico-sdk/lib/tinyusb/src/portable/raspberrypi/rp2040/dcd_rp2040.c.obj
                0x10005a1c                dcd_edpt_xfer
 .text.dcd_edpt_stall
                0x10005a50       0x2c src/CMakeFiles/UVBox.dir/home/kedar/pico/pico-sdk/lib/tinyusb/src/portable/raspberrypi/rp2040/dcd_rp2040.c.obj
                0x10005a50                dcd_edpt_stall
 .text.dcd_edpt_clear_stall
                0x10005a7c       0x20 src/CMakeFiles/UVBox.dir/home/kedar/pico/pico-sdk/lib/tinyusb/src/portable/raspberrypi/rp2040/dcd_rp2040.c.obj
                0x10005a7c                dcd_edpt_clear_stall
 .text.rp2040_usb_init
                0x10005a9c       0x4c src/CMakeFiles/UVBox.dir/home/kedar/pico/pico-sdk/lib/tinyusb/src/portable/raspberrypi/rp2040/rp2040_usb.c.obj
                0x10005a9c                rp2040_usb_init
 .text.hw_endpoint_xfer_start
                0x10005ae8       0x50 src/CMakeFiles/UVBox.dir/home/kedar/pico/pico-sdk/lib/tinyusb/src/portable/raspberrypi/rp2040/rp2040_usb.c.obj
                0x10005ae8                hw_endpoint_xfer_start
 .text.configuration_reset
                0x10005b38       0x84 src/CMakeFiles/UVBox.dir/home/kedar/pico/pico-sdk/lib/tinyusb/src/device/usbd.c.obj
 .text.critical_section_enter_blocking
                0x10005bbc       0x16 src/CMakeFiles/UVBox.dir/home/kedar/pico/pico-sdk/lib/tinyusb/src/device/usbd.c.obj
 .text.usbd_reset
                0x10005bd2        0xc src/CMakeFiles/UVBox.dir/home/kedar/pico/pico-sdk/lib/tinyusb/src/device/usbd.c.obj
 .text.invoke_class_control
                0x10005bde       0x1a src/CMakeFiles/UVBox.dir/home/kedar/pico/pico-sdk/lib/tinyusb/src/device/usbd.c.obj
 .text.process_set_config
                0x10005bf8      0x178 src/CMakeFiles/UVBox.dir/home/kedar/pico/pico-sdk/lib/tinyusb/src/device/usbd.c.obj
 .text.process_get_descriptor
                0x10005d70       0xdc src/CMakeFiles/UVBox.dir/home/kedar/pico/pico-sdk/lib/tinyusb/src/device/usbd.c.obj
 .text.tud_mounted
                0x10005e4c       0x10 src/CMakeFiles/UVBox.dir/home/kedar/pico/pico-sdk/lib/tinyusb/src/device/usbd.c.obj
                0x10005e4c                tud_mounted
 .text.tud_suspended
                0x10005e5c       0x10 src/CMakeFiles/UVBox.dir/home/kedar/pico/pico-sdk/lib/tinyusb/src/device/usbd.c.obj
                0x10005e5c                tud_suspended
 .text.tud_inited
                0x10005e6c       0x14 src/CMakeFiles/UVBox.dir/home/kedar/pico/pico-sdk/lib/tinyusb/src/device/usbd.c.obj
                0x10005e6c                tud_inited
 .text.tud_init
                0x10005e80       0xcc src/CMakeFiles/UVBox.dir/home/kedar/pico/pico-sdk/lib/tinyusb/src/device/usbd.c.obj
                0x10005e80                tud_init
 .text.usbd_defer_func
                0x10005f4c       0x2a src/CMakeFiles/UVBox.dir/home/kedar/pico/pico-sdk/lib/tinyusb/src/device/usbd.c.obj
                0x10005f4c                usbd_defer_func
 *fill*         0x10005f76        0x2 
 .text.usbd_edpt_open
                0x10005f78       0x34 src/CMakeFiles/UVBox.dir/home/kedar/pico/pico-sdk/lib/tinyusb/src/device/usbd.c.obj
                0x10005f78                usbd_edpt_open
 .text.usbd_open_edpt_pair
                0x10005fac       0x62 src/CMakeFiles/UVBox.dir/home/kedar/pico/pico-sdk/lib/tinyusb/src/device/usbd.c.obj
                0x10005fac                usbd_open_edpt_pair
 *fill*         0x1000600e        0x2 
 .text.usbd_edpt_claim
                0x10006010       0x28 src/CMakeFiles/UVBox.dir/home/kedar/pico/pico-sdk/lib/tinyusb/src/device/usbd.c.obj
                0x10006010                usbd_edpt_claim
 .text.usbd_edpt_release
                0x10006038       0x28 src/CMakeFiles/UVBox.dir/home/kedar/pico/pico-sdk/lib/tinyusb/src/device/usbd.c.obj
                0x10006038                usbd_edpt_release
 .text.usbd_edpt_xfer
                0x10006060       0x78 src/CMakeFiles/UVBox.dir/home/kedar/pico/pico-sdk/lib/tinyusb/src/device/usbd.c.obj
                0x10006060                usbd_edpt_xfer
 .text.usbd_edpt_stall
                0x100060d8       0x48 src/CMakeFiles/UVBox.dir/home/kedar/pico/pico-sdk/lib/tinyusb/src/device/usbd.c.obj
                0x100060d8                usbd_edpt_stall
 .text.usbd_edpt_clear_stall
                0x10006120       0x48 src/CMakeFiles/UVBox.dir/home/kedar/pico/pico-sdk/lib/tinyusb/src/device/usbd.c.obj
                0x10006120                usbd_edpt_clear_stall
 .text.usbd_edpt_stalled
                0x10006168       0x1c src/CMakeFiles/UVBox.dir/home/kedar/pico/pico-sdk/lib/tinyusb/src/device/usbd.c.obj
                0x10006168                usbd_edpt_stalled
 .text.process_control_request
                0x10006184      0x374 src/CMakeFiles/UVBox.dir/home/kedar/pico/pico-sdk/lib/tinyusb/src/device/usbd.c.obj
 .text.tud_task_ext
                0x100064f8      0x1a8 src/CMakeFiles/UVBox.dir/home/kedar/pico/pico-sdk/lib/tinyusb/src/device/usbd.c.obj
                0x100064f8                tud_task_ext
 .text._status_stage_xact
                0x100066a0       0x1a src/CMakeFiles/UVBox.dir/home/kedar/pico/pico-sdk/lib/tinyusb/src/device/usbd_control.c.obj
 *fill*         0x100066ba        0x2 
 .text._data_stage_xact
                0x100066bc       0x58 src/CMakeFiles/UVBox.dir/home/kedar/pico/pico-sdk/lib/tinyusb/src/device/usbd_control.c.obj
 .text.tud_control_status
                0x10006714       0x28 src/CMakeFiles/UVBox.dir/home/kedar/pico/pico-sdk/lib/tinyusb/src/device/usbd_control.c.obj
                0x10006714                tud_control_status
 .text.tud_control_xfer
                0x1000673c       0x68 src/CMakeFiles/UVBox.dir/home/kedar/pico/pico-sdk/lib/tinyusb/src/device/usbd_control.c.obj
                0x1000673c                tud_control_xfer
 .text.usbd_control_reset
                0x100067a4       0x14 src/CMakeFiles/UVBox.dir/home/kedar/pico/pico-sdk/lib/tinyusb/src/device/usbd_control.c.obj
                0x100067a4                usbd_control_reset
 .text.usbd_control_set_complete_callback
                0x100067b8        0xc src/CMakeFiles/UVBox.dir/home/kedar/pico/pico-sdk/lib/tinyusb/src/device/usbd_control.c.obj
                0x100067b8                usbd_control_set_complete_callback
 .text.usbd_control_set_request
                0x100067c4       0x1c src/CMakeFiles/UVBox.dir/home/kedar/pico/pico-sdk/lib/tinyusb/src/device/usbd_control.c.obj
                0x100067c4                usbd_control_set_request
 .text.usbd_control_xfer_cb
                0x100067e0       0xbc src/CMakeFiles/UVBox.dir/home/kedar/pico/pico-sdk/lib/tinyusb/src/device/usbd_control.c.obj
                0x100067e0                usbd_control_xfer_cb
 .text._prep_out_transaction
                0x1000689c       0x4a src/CMakeFiles/UVBox.dir/home/kedar/pico/pico-sdk/lib/tinyusb/src/class/cdc/cdc_device.c.obj
 *fill*         0x100068e6        0x2 
 .text.tud_cdc_n_connected
                0x100068e8       0x38 src/CMakeFiles/UVBox.dir/home/kedar/pico/pico-sdk/lib/tinyusb/src/class/cdc/cdc_device.c.obj
                0x100068e8                tud_cdc_n_connected
 .text.tud_cdc_n_available
                0x10006920       0x18 src/CMakeFiles/UVBox.dir/home/kedar/pico/pico-sdk/lib/tinyusb/src/class/cdc/cdc_device.c.obj
                0x10006920                tud_cdc_n_available
 .text.tud_cdc_n_read
                0x10006938       0x28 src/CMakeFiles/UVBox.dir/home/kedar/pico/pico-sdk/lib/tinyusb/src/class/cdc/cdc_device.c.obj
                0x10006938                tud_cdc_n_read
 .text.tud_cdc_n_write_flush
                0x10006960       0xb8 src/CMakeFiles/UVBox.dir/home/kedar/pico/pico-sdk/lib/tinyusb/src/class/cdc/cdc_device.c.obj
                0x10006960                tud_cdc_n_write_flush
 .text.tud_cdc_n_write
                0x10006a18       0x38 src/CMakeFiles/UVBox.dir/home/kedar/pico/pico-sdk/lib/tinyusb/src/class/cdc/cdc_device.c.obj
                0x10006a18                tud_cdc_n_write
 .text.tud_cdc_n_write_available
                0x10006a50       0x1c src/CMakeFiles/UVBox.dir/home/kedar/pico/pico-sdk/lib/tinyusb/src/class/cdc/cdc_device.c.obj
                0x10006a50                tud_cdc_n_write_available
 .text.cdcd_init
                0x10006a6c       0xbc src/CMakeFiles/UVBox.dir/home/kedar/pico/pico-sdk/lib/tinyusb/src/class/cdc/cdc_device.c.obj
                0x10006a6c                cdcd_init
 .text.cdcd_reset
                0x10006b28       0x44 src/CMakeFiles/UVBox.dir/home/kedar/pico/pico-sdk/lib/tinyusb/src/class/cdc/cdc_device.c.obj
                0x10006b28                cdcd_reset
 .text.cdcd_open
                0x10006b6c       0xc4 src/CMakeFiles/UVBox.dir/home/kedar/pico/pico-sdk/lib/tinyusb/src/class/cdc/cdc_device.c.obj
                0x10006b6c                cdcd_open
 .text.cdcd_control_xfer_cb
                0x10006c30      0x134 src/CMakeFiles/UVBox.dir/home/kedar/pico/pico-sdk/lib/tinyusb/src/class/cdc/cdc_device.c.obj
                0x10006c30                cdcd_control_xfer_cb
 .text.cdcd_xfer_cb
                0x10006d64      0x130 src/CMakeFiles/UVBox.dir/home/kedar/pico/pico-sdk/lib/tinyusb/src/class/cdc/cdc_device.c.obj
                0x10006d64                cdcd_xfer_cb
 .text.tusb_init
                0x10006e94        0xa src/CMakeFiles/UVBox.dir/home/kedar/pico/pico-sdk/lib/tinyusb/src/tusb.c.obj
                0x10006e94                tusb_init
 .text.tusb_inited
                0x10006e9e        0xe src/CMakeFiles/UVBox.dir/home/kedar/pico/pico-sdk/lib/tinyusb/src/tusb.c.obj
                0x10006e9e                tusb_inited
 .text.tu_edpt_claim
                0x10006eac       0x50 src/CMakeFiles/UVBox.dir/home/kedar/pico/pico-sdk/lib/tinyusb/src/tusb.c.obj
                0x10006eac                tu_edpt_claim
 .text.tu_edpt_release
                0x10006efc       0x38 src/CMakeFiles/UVBox.dir/home/kedar/pico/pico-sdk/lib/tinyusb/src/tusb.c.obj
                0x10006efc                tu_edpt_release
 .text.tu_edpt_validate
                0x10006f34       0x78 src/CMakeFiles/UVBox.dir/home/kedar/pico/pico-sdk/lib/tinyusb/src/tusb.c.obj
                0x10006f34                tu_edpt_validate
 .text.tu_edpt_bind_driver
                0x10006fac       0x26 src/CMakeFiles/UVBox.dir/home/kedar/pico/pico-sdk/lib/tinyusb/src/tusb.c.obj
                0x10006fac                tu_edpt_bind_driver
 .text.advance_index
                0x10006fd2       0x1a src/CMakeFiles/UVBox.dir/home/kedar/pico/pico-sdk/lib/tinyusb/src/common/tusb_fifo.c.obj
 .text._tu_fifo_peek
                0x10006fec       0x56 src/CMakeFiles/UVBox.dir/home/kedar/pico/pico-sdk/lib/tinyusb/src/common/tusb_fifo.c.obj
 .text._ff_pull_const_addr
                0x10007042       0x4c src/CMakeFiles/UVBox.dir/home/kedar/pico/pico-sdk/lib/tinyusb/src/common/tusb_fifo.c.obj
 .text._ff_pull_n
                0x1000708e      0x110 src/CMakeFiles/UVBox.dir/home/kedar/pico/pico-sdk/lib/tinyusb/src/common/tusb_fifo.c.obj
 .text._tu_fifo_peek_n
                0x1000719e       0x6a src/CMakeFiles/UVBox.dir/home/kedar/pico/pico-sdk/lib/tinyusb/src/common/tusb_fifo.c.obj
 .text._tu_fifo_read_n
                0x10007208       0x4e src/CMakeFiles/UVBox.dir/home/kedar/pico/pico-sdk/lib/tinyusb/src/common/tusb_fifo.c.obj
 .text._ff_push_const_addr
                0x10007256       0x40 src/CMakeFiles/UVBox.dir/home/kedar/pico/pico-sdk/lib/tinyusb/src/common/tusb_fifo.c.obj
 .text._ff_push_n
                0x10007296      0x10c src/CMakeFiles/UVBox.dir/home/kedar/pico/pico-sdk/lib/tinyusb/src/common/tusb_fifo.c.obj
 .text._tu_fifo_write_n
                0x100073a2       0xf0 src/CMakeFiles/UVBox.dir/home/kedar/pico/pico-sdk/lib/tinyusb/src/common/tusb_fifo.c.obj
 .text.tu_fifo_config
                0x10007492       0x7c src/CMakeFiles/UVBox.dir/home/kedar/pico/pico-sdk/lib/tinyusb/src/common/tusb_fifo.c.obj
                0x10007492                tu_fifo_config
 .text.tu_fifo_count
                0x1000750e       0x2a src/CMakeFiles/UVBox.dir/home/kedar/pico/pico-sdk/lib/tinyusb/src/common/tusb_fifo.c.obj
                0x1000750e                tu_fifo_count
 .text.tu_fifo_empty
                0x10007538        0xe src/CMakeFiles/UVBox.dir/home/kedar/pico/pico-sdk/lib/tinyusb/src/common/tusb_fifo.c.obj
                0x10007538                tu_fifo_empty
 .text.tu_fifo_full
                0x10007546       0x28 src/CMakeFiles/UVBox.dir/home/kedar/pico/pico-sdk/lib/tinyusb/src/common/tusb_fifo.c.obj
                0x10007546                tu_fifo_full
 .text.tu_fifo_remaining
                0x1000756e       0x2c src/CMakeFiles/UVBox.dir/home/kedar/pico/pico-sdk/lib/tinyusb/src/common/tusb_fifo.c.obj
                0x1000756e                tu_fifo_remaining
 .text.tu_fifo_read
                0x1000759a       0x42 src/CMakeFiles/UVBox.dir/home/kedar/pico/pico-sdk/lib/tinyusb/src/common/tusb_fifo.c.obj
                0x1000759a                tu_fifo_read
 .text.tu_fifo_read_n
                0x100075dc        0xa src/CMakeFiles/UVBox.dir/home/kedar/pico/pico-sdk/lib/tinyusb/src/common/tusb_fifo.c.obj
                0x100075dc                tu_fifo_read_n
 .text.tu_fifo_write
                0x100075e6       0x64 src/CMakeFiles/UVBox.dir/home/kedar/pico/pico-sdk/lib/tinyusb/src/common/tusb_fifo.c.obj
                0x100075e6                tu_fifo_write
 .text.tu_fifo_write_n
                0x1000764a        0xa src/CMakeFiles/UVBox.dir/home/kedar/pico/pico-sdk/lib/tinyusb/src/common/tusb_fifo.c.obj
                0x1000764a                tu_fifo_write_n
 .text.tu_fifo_clear
                0x10007654       0x3e src/CMakeFiles/UVBox.dir/home/kedar/pico/pico-sdk/lib/tinyusb/src/common/tusb_fifo.c.obj
                0x10007654                tu_fifo_clear
 .text.tu_fifo_set_overwritable
                0x10007692       0x46 src/CMakeFiles/UVBox.dir/home/kedar/pico/pico-sdk/lib/tinyusb/src/common/tusb_fifo.c.obj
                0x10007692                tu_fifo_set_overwritable
 .text.i2c_write_blocking_internal
                0x100076d8      0x146 src/CMakeFiles/UVBox.dir/home/kedar/pico/pico-sdk/src/rp2_common/hardware_i2c/i2c.c.obj
 *fill*         0x1000781e        0x2 
 .text.i2c_set_baudrate
                0x10007820       0xf0 src/CMakeFiles/UVBox.dir/home/kedar/pico/pico-sdk/src/rp2_common/hardware_i2c/i2c.c.obj
                0x10007820                i2c_set_baudrate
 .text.i2c_init
                0x10007910       0x58 src/CMakeFiles/UVBox.dir/home/kedar/pico/pico-sdk/src/rp2_common/hardware_i2c/i2c.c.obj
                0x10007910                i2c_init
 .text.i2c_write_blocking
                0x10007968       0x18 src/CMakeFiles/UVBox.dir/home/kedar/pico/pico-sdk/src/rp2_common/hardware_i2c/i2c.c.obj
                0x10007968                i2c_write_blocking
 .text._ZL20update_us_since_bootP15absolute_time_ty
                0x10007980       0x24 lib/rotery_encoder/libencoder.a(encoder.cpp.obj)
 .text.get_absolute_time
                0x100079a4       0x16 lib/rotery_encoder/libencoder.a(encoder.cpp.obj)
 *fill*         0x100079ba        0x2 
 .text._Z16encoder_callbackjm
                0x100079bc       0xc4 lib/rotery_encoder/libencoder.a(encoder.cpp.obj)
                0x100079bc                encoder_callback(unsigned int, unsigned long)
 .text._ZN7EncoderC2Ev
                0x10007a80        0x8 lib/rotery_encoder/libencoder.a(encoder.cpp.obj)
                0x10007a80                Encoder::Encoder()
                0x10007a80                Encoder::Encoder()
 .text._Z41__static_initialization_and_destruction_0v
                0x10007a88       0x10 lib/rotery_encoder/libencoder.a(encoder.cpp.obj)
 .text._ZN7Encoder9knobUI_enEv
                0x10007a98        0x6 lib/rotery_encoder/libencoder.a(encoder.cpp.obj)
                0x10007a98                Encoder::knobUI_en()
 .text._ZN7Encoder10knobUI_disEv
                0x10007a9e        0x6 lib/rotery_encoder/libencoder.a(encoder.cpp.obj)
                0x10007a9e                Encoder::knobUI_dis()
 .text._ZN7Encoder4initEiii
                0x10007aa4       0x80 lib/rotery_encoder/libencoder.a(encoder.cpp.obj)
                0x10007aa4                Encoder::init(int, int, int)
 .text._GLOBAL__sub_I_encoder
                0x10007b24        0x8 lib/rotery_encoder/libencoder.a(encoder.cpp.obj)
 .text.myI2cWriteBlocking
                0x10007b2c       0x1a lib/oled_driver/libpicoOled.a(picoOled.c.obj)
                0x10007b2c                myI2cWriteBlocking
 *fill*         0x10007b46        0x2 
 .text.oledSet_power
                0x10007b48       0x38 lib/oled_driver/libpicoOled.a(picoOled.c.obj)
                0x10007b48                oledSet_power
 .text.oledClear
                0x10007b80       0x2a lib/oled_driver/libpicoOled.a(picoOled.c.obj)
                0x10007b80                oledClear
 *fill*         0x10007baa        0x2 
 .text.oledDisplay
                0x10007bac       0xac lib/oled_driver/libpicoOled.a(picoOled.c.obj)
                0x10007bac                oledDisplay
 .text.oledInit
                0x10007c58       0xbc lib/oled_driver/libpicoOled.a(picoOled.c.obj)
                0x10007c58                oledInit
 .text.oledI2cConfig
                0x10007d14       0x70 lib/oled_driver/libpicoOled.a(picoOled.c.obj)
                0x10007d14                oledI2cConfig
 .text.configOled
                0x10007d84       0x26 lib/oled_driver/libpicoOled.a(picoOled.c.obj)
                0x10007d84                configOled
 .text.oledDraw_byte
                0x10007daa       0xb6 lib/oled_driver/libpicoOled.a(picoOled.c.obj)
                0x10007daa                oledDraw_byte
 .text.oledDraw_bytes
                0x10007e60       0xf0 lib/oled_driver/libpicoOled.a(picoOled.c.obj)
                0x10007e60                oledDraw_bytes
 .text.oledDraw_character
                0x10007f50       0xa4 lib/oled_driver/libpicoOled.a(picoOled.c.obj)
                0x10007f50                oledDraw_character
 .text.oledDraw_string
                0x10007ff4       0x4e lib/oled_driver/libpicoOled.a(picoOled.c.obj)
                0x10007ff4                oledDraw_string
 .text.oledDraw_pixel
                0x10008042       0x46 lib/oled_driver/libpicoOled.a(picoOled.c.obj)
                0x10008042                oledDraw_pixel
 .text.oledDraw_line
                0x10008088       0xbe lib/oled_driver/libpicoOled.a(picoOled.c.obj)
                0x10008088                oledDraw_line
 .text.oledDraw_rectangle
                0x10008146       0xa6 lib/oled_driver/libpicoOled.a(picoOled.c.obj)
                0x10008146                oledDraw_rectangle
 .text          0x100081ec       0x5c /usr/lib/gcc/arm-none-eabi/13.2.1/../../../arm-none-eabi/lib/thumb/v6-m/nofp/libg.a(lib_a-strlen-stub.o)
                0x100081ec                strlen
 *(.fini)
 .fini          0x10008248        0x4 /usr/lib/gcc/arm-none-eabi/13.2.1/thumb/v6-m/nofp/crti.o
                0x10008248                _fini
 *fill*         0x1000824c        0x4 
 .fini.__stub   0x10008250       0xe0 linker stubs
 *crtbegin.o(.ctors)
 *crtbegin?.o(.ctors)
 *(EXCLUDE_FILE(*crtend.o *crtend?.o) .ctors)
 *(SORT_BY_NAME(.ctors.*))
 *(.ctors)
 *crtbegin.o(.dtors)
 *crtbegin?.o(.dtors)
 *(EXCLUDE_FILE(*crtend.o *crtend?.o) .dtors)
 *(SORT_BY_NAME(.dtors.*))
 *(.dtors)
 *(.eh_frame*)
 .eh_frame      0x10008330        0x0 /usr/lib/gcc/arm-none-eabi/13.2.1/thumb/v6-m/nofp/crtbegin.o
                0x10008330                        . = ALIGN (0x4)

.glue_7         0x10008330        0x0
 .glue_7        0x10008330        0x0 linker stubs

.glue_7t        0x10008330        0x0
 .glue_7t       0x10008330        0x0 linker stubs

.vfp11_veneer   0x10008330        0x0
 .vfp11_veneer  0x10008330        0x0 linker stubs

.v4_bx          0x10008330        0x0
 .v4_bx         0x10008330        0x0 linker stubs

.iplt           0x10008330        0x0
 .iplt          0x10008330        0x0 /usr/lib/gcc/arm-none-eabi/13.2.1/thumb/v6-m/nofp/crtbegin.o

.rodata         0x10008330     0x1974
 *(EXCLUDE_FILE(*libm.a: *libc.a:*lib_a-mem*.o *libgcc.a:) .rodata*)
 .rodata._ZL20update_us_since_bootP15absolute_time_ty.str1.4
                0x10008330      0xfab src/CMakeFiles/UVBox.dir/main.cpp.obj
                                 0x98 (size before relaxing)
 .rodata._Z10print_menui.str1.4
                0x100092db       0x5a src/CMakeFiles/UVBox.dir/main.cpp.obj
 .rodata._Z13set_intensityv.str1.4
                0x100092db        0x4 src/CMakeFiles/UVBox.dir/main.cpp.obj
 .rodata._Z14start_exposurev.str1.4
                0x100092db        0x5 src/CMakeFiles/UVBox.dir/main.cpp.obj
 .rodata.main.str1.4
                0x100092db       0x51 src/CMakeFiles/UVBox.dir/main.cpp.obj
 .rodata.spin_lock_claim_unused.str1.4
                0x100092db       0x1b src/CMakeFiles/UVBox.dir/home/kedar/pico/pico-sdk/src/rp2_common/hardware_sync/sync.c.obj
 .rodata.resolve_branch.str1.4
                0x100092db       0x54 src/CMakeFiles/UVBox.dir/home/kedar/pico/pico-sdk/src/rp2_common/hardware_irq/irq.c.obj
 .rodata.make_branch.str1.4
                0x100092db       0x30 src/CMakeFiles/UVBox.dir/home/kedar/pico/pico-sdk/src/rp2_common/hardware_irq/irq.c.obj
 .rodata.insert_branch_and_link.str1.4
                0x100092db       0x10 src/CMakeFiles/UVBox.dir/home/kedar/pico/pico-sdk/src/rp2_common/hardware_irq/irq.c.obj
 .rodata.irq_set_exclusive_handler.str1.4
                0x100092db       0x36 src/CMakeFiles/UVBox.dir/home/kedar/pico/pico-sdk/src/rp2_common/hardware_irq/irq.c.obj
 .rodata.irq_add_shared_handler.str1.4
                0x100092db       0xc2 src/CMakeFiles/UVBox.dir/home/kedar/pico/pico-sdk/src/rp2_common/hardware_irq/irq.c.obj
 .rodata.irq_remove_handler.str1.4
                0x100092db       0x3a src/CMakeFiles/UVBox.dir/home/kedar/pico/pico-sdk/src/rp2_common/hardware_irq/irq.c.obj
 .rodata.irq_add_tail_to_free_list.str1.4
                0x100092db       0x3a src/CMakeFiles/UVBox.dir/home/kedar/pico/pico-sdk/src/rp2_common/hardware_irq/irq.c.obj
 .rodata.user_irq_claim_unused.str1.4
                0x100092db       0x1b src/CMakeFiles/UVBox.dir/home/kedar/pico/pico-sdk/src/rp2_common/hardware_irq/irq.c.obj
 *fill*         0x100092db        0x1 
 .rodata.__func__.0
                0x100092dc       0x1a src/CMakeFiles/UVBox.dir/home/kedar/pico/pico-sdk/src/rp2_common/hardware_irq/irq.c.obj
 *fill*         0x100092f6        0x2 
 .rodata.__func__.1
                0x100092f8       0x17 src/CMakeFiles/UVBox.dir/home/kedar/pico/pico-sdk/src/rp2_common/hardware_irq/irq.c.obj
 *fill*         0x1000930f        0x1 
 .rodata.__func__.2
                0x10009310       0x13 src/CMakeFiles/UVBox.dir/home/kedar/pico/pico-sdk/src/rp2_common/hardware_irq/irq.c.obj
 *fill*         0x10009323        0x1 
 .rodata.__func__.3
                0x10009324        0xc src/CMakeFiles/UVBox.dir/home/kedar/pico/pico-sdk/src/rp2_common/hardware_irq/irq.c.obj
 .rodata.__func__.4
                0x10009330        0xf src/CMakeFiles/UVBox.dir/home/kedar/pico/pico-sdk/src/rp2_common/hardware_irq/irq.c.obj
 *fill*         0x1000933f        0x1 
 .rodata.__func__.5
                0x10009340       0x17 src/CMakeFiles/UVBox.dir/home/kedar/pico/pico-sdk/src/rp2_common/hardware_irq/irq.c.obj
 *fill*         0x10009357        0x1 
 .rodata.__func__.6
                0x10009358       0x1a src/CMakeFiles/UVBox.dir/home/kedar/pico/pico-sdk/src/rp2_common/hardware_irq/irq.c.obj
 .rodata.update_us_since_boot.str1.4
                0x10009372       0x60 src/CMakeFiles/UVBox.dir/home/kedar/pico/pico-sdk/src/common/pico_sync/mutex.c.obj
 .rodata.str1.4
                0x10009372       0x89 src/CMakeFiles/UVBox.dir/home/kedar/pico/pico-sdk/src/common/pico_sync/mutex.c.obj
 *fill*         0x10009372        0x2 
 .rodata.__func__.1
                0x10009374        0xb src/CMakeFiles/UVBox.dir/home/kedar/pico/pico-sdk/src/common/pico_sync/mutex.c.obj
 *fill*         0x1000937f        0x1 
 .rodata.__func__.3
                0x10009380       0x18 src/CMakeFiles/UVBox.dir/home/kedar/pico/pico-sdk/src/common/pico_sync/mutex.c.obj
 .rodata.__func__.4
                0x10009398       0x15 src/CMakeFiles/UVBox.dir/home/kedar/pico/pico-sdk/src/common/pico_sync/mutex.c.obj
 .rodata.get_entry.str1.4
                0x100093ad       0x5a src/CMakeFiles/UVBox.dir/home/kedar/pico/pico-sdk/src/common/pico_time/time.c.obj
 .rodata.update_us_since_boot.str1.4
                0x100093ad       0x60 src/CMakeFiles/UVBox.dir/home/kedar/pico/pico-sdk/src/common/pico_time/time.c.obj
 .rodata.ph_get_node.str1.4
                0x100093ad       0x65 src/CMakeFiles/UVBox.dir/home/kedar/pico/pico-sdk/src/common/pico_time/time.c.obj
 .rodata.ph_add_child_node.str1.4
                0x100093ad       0x2e src/CMakeFiles/UVBox.dir/home/kedar/pico/pico-sdk/src/common/pico_time/time.c.obj
 .rodata.ph_insert_node.str1.4
                0x100093ad        0x3 src/CMakeFiles/UVBox.dir/home/kedar/pico/pico-sdk/src/common/pico_time/time.c.obj
 .rodata.ph_free_node.str1.4
                0x100093ad       0x38 src/CMakeFiles/UVBox.dir/home/kedar/pico/pico-sdk/src/common/pico_time/time.c.obj
 .rodata.add_alarm_under_lock.str1.4
                0x100093ad       0x28 src/CMakeFiles/UVBox.dir/home/kedar/pico/pico-sdk/src/common/pico_time/time.c.obj
 .rodata.alarm_pool_alarm_callback.str1.4
                0x100093ad       0x60 src/CMakeFiles/UVBox.dir/home/kedar/pico/pico-sdk/src/common/pico_time/time.c.obj
 .rodata.alarm_pool_get_default.str1.4
                0x100093ad       0x21 src/CMakeFiles/UVBox.dir/home/kedar/pico/pico-sdk/src/common/pico_time/time.c.obj
 .rodata.alarm_pool_cancel_alarm.str1.4
                0x100093ad       0x27 src/CMakeFiles/UVBox.dir/home/kedar/pico/pico-sdk/src/common/pico_time/time.c.obj
 .rodata.sleep_until.str1.4
                0x100093ad       0x4d src/CMakeFiles/UVBox.dir/home/kedar/pico/pico-sdk/src/common/pico_time/time.c.obj
 *fill*         0x100093ad        0x3 
 .rodata.__func__.1
                0x100093b0       0x18 src/CMakeFiles/UVBox.dir/home/kedar/pico/pico-sdk/src/common/pico_time/time.c.obj
 .rodata.__func__.3
                0x100093c8       0x17 src/CMakeFiles/UVBox.dir/home/kedar/pico/pico-sdk/src/common/pico_time/time.c.obj
 *fill*         0x100093df        0x1 
 .rodata.__func__.4
                0x100093e0       0x12 src/CMakeFiles/UVBox.dir/home/kedar/pico/pico-sdk/src/common/pico_time/time.c.obj
 *fill*         0x100093f2        0x2 
 .rodata.__func__.5
                0x100093f4        0xd src/CMakeFiles/UVBox.dir/home/kedar/pico/pico-sdk/src/common/pico_time/time.c.obj
 *fill*         0x10009401        0x3 
 .rodata.__func__.6
                0x10009404       0x12 src/CMakeFiles/UVBox.dir/home/kedar/pico/pico-sdk/src/common/pico_time/time.c.obj
 *fill*         0x10009416        0x2 
 .rodata.__func__.7
                0x10009418        0xf src/CMakeFiles/UVBox.dir/home/kedar/pico/pico-sdk/src/common/pico_time/time.c.obj
 *fill*         0x10009427        0x1 
 .rodata.__func__.8
                0x10009428        0xc src/CMakeFiles/UVBox.dir/home/kedar/pico/pico-sdk/src/common/pico_time/time.c.obj
 .rodata.__func__.9
                0x10009434       0x15 src/CMakeFiles/UVBox.dir/home/kedar/pico/pico-sdk/src/common/pico_time/time.c.obj
 *fill*         0x10009449        0x3 
 .rodata.__func__.10
                0x1000944c       0x15 src/CMakeFiles/UVBox.dir/home/kedar/pico/pico-sdk/src/common/pico_time/time.c.obj
 *fill*         0x10009461        0x3 
 .rodata.__func__.11
                0x10009464       0x1a src/CMakeFiles/UVBox.dir/home/kedar/pico/pico-sdk/src/common/pico_time/time.c.obj
 *fill*         0x1000947e        0x2 
 .rodata.__func__.12
                0x10009480        0xa src/CMakeFiles/UVBox.dir/home/kedar/pico/pico-sdk/src/common/pico_time/time.c.obj
 .rodata.hardware_alarm_claim.str1.4
                0x1000948a       0x22 src/CMakeFiles/UVBox.dir/home/kedar/pico/pico-sdk/src/rp2_common/hardware_timer/timer.c.obj
 .rodata.hardware_alarm_set_target.str1.4
                0x1000948a       0x64 src/CMakeFiles/UVBox.dir/home/kedar/pico/pico-sdk/src/rp2_common/hardware_timer/timer.c.obj
 *fill*         0x1000948a        0x2 
 .rodata.__func__.0
                0x1000948c       0x1a src/CMakeFiles/UVBox.dir/home/kedar/pico/pico-sdk/src/rp2_common/hardware_timer/timer.c.obj
 .rodata.ph_get_node.str1.4
                0x100094a6       0x65 src/CMakeFiles/UVBox.dir/home/kedar/pico/pico-sdk/src/common/pico_util/pheap.c.obj
 .rodata.ph_add_child_node.str1.4
                0x100094a6       0x2e src/CMakeFiles/UVBox.dir/home/kedar/pico/pico-sdk/src/common/pico_util/pheap.c.obj
 .rodata.ph_remove_any_head.str1.4
                0x100094a6       0xa0 src/CMakeFiles/UVBox.dir/home/kedar/pico/pico-sdk/src/common/pico_util/pheap.c.obj
 .rodata.ph_remove_and_free_node.str1.4
                0x100094a6       0x26 src/CMakeFiles/UVBox.dir/home/kedar/pico/pico-sdk/src/common/pico_util/pheap.c.obj
 *fill*         0x100094a6        0x2 
 .rodata.__func__.0
                0x100094a8       0x18 src/CMakeFiles/UVBox.dir/home/kedar/pico/pico-sdk/src/common/pico_util/pheap.c.obj
 .rodata.__func__.1
                0x100094c0       0x13 src/CMakeFiles/UVBox.dir/home/kedar/pico/pico-sdk/src/common/pico_util/pheap.c.obj
 *fill*         0x100094d3        0x1 
 .rodata.__func__.2
                0x100094d4       0x12 src/CMakeFiles/UVBox.dir/home/kedar/pico/pico-sdk/src/common/pico_util/pheap.c.obj
 *fill*         0x100094e6        0x2 
 .rodata.__func__.3
                0x100094e8        0xc src/CMakeFiles/UVBox.dir/home/kedar/pico/pico-sdk/src/common/pico_util/pheap.c.obj
 .rodata.clock_configure.str1.4
                0x100094f4       0x56 src/CMakeFiles/UVBox.dir/home/kedar/pico/pico-sdk/src/rp2_common/hardware_clocks/clocks.c.obj
 .rodata.__func__.1
                0x100094f4       0x10 src/CMakeFiles/UVBox.dir/home/kedar/pico/pico-sdk/src/rp2_common/hardware_clocks/clocks.c.obj
 .rodata.pll_init.str1.4
                0x10009504      0x120 src/CMakeFiles/UVBox.dir/home/kedar/pico/pico-sdk/src/rp2_common/hardware_pll/pll.c.obj
 .rodata.__func__.0
                0x10009504        0x9 src/CMakeFiles/UVBox.dir/home/kedar/pico/pico-sdk/src/rp2_common/hardware_pll/pll.c.obj
 .rodata.__assert_func.str1.4
                0x1000950d       0x43 src/CMakeFiles/UVBox.dir/home/kedar/pico/pico-sdk/src/rp2_common/pico_runtime/runtime.c.obj
 .rodata.runtime_init.str1.4
                0x1000950d       0x60 src/CMakeFiles/UVBox.dir/home/kedar/pico/pico-sdk/src/rp2_common/pico_runtime/runtime.c.obj
 .rodata.panic.str1.4
                0x1000950d       0x12 src/CMakeFiles/UVBox.dir/home/kedar/pico/pico-sdk/src/rp2_common/pico_runtime/runtime.c.obj
 *fill*         0x1000950d        0x3 
 .rodata.__func__.2
                0x10009510        0xd src/CMakeFiles/UVBox.dir/home/kedar/pico/pico-sdk/src/rp2_common/pico_runtime/runtime.c.obj
 .rodata._ftoa.str1.4
                0x1000951d       0x15 src/CMakeFiles/UVBox.dir/home/kedar/pico/pico-sdk/src/rp2_common/pico_printf/printf.c.obj
 *fill*         0x1000951d        0x3 
 .rodata._vsnprintf
                0x10009520      0x19c src/CMakeFiles/UVBox.dir/home/kedar/pico/pico-sdk/src/rp2_common/pico_printf/printf.c.obj
 *fill*         0x100096bc        0x4 
 .rodata.pow10.0
                0x100096c0       0x50 src/CMakeFiles/UVBox.dir/home/kedar/pico/pico-sdk/src/rp2_common/pico_printf/printf.c.obj
 .rodata.__aeabi_double_init.str1.4
                0x10009710       0x9b src/CMakeFiles/UVBox.dir/home/kedar/pico/pico-sdk/src/rp2_common/pico_double/double_init_rom.c.obj
 .rodata.__func__.0
                0x10009710       0x14 src/CMakeFiles/UVBox.dir/home/kedar/pico/pico-sdk/src/rp2_common/pico_double/double_init_rom.c.obj
 .rodata.__aeabi_float_init.str1.4
                0x10009724       0x7d src/CMakeFiles/UVBox.dir/home/kedar/pico/pico-sdk/src/rp2_common/pico_float/float_init_rom.c.obj
 .rodata.__func__.0
                0x10009724       0x13 src/CMakeFiles/UVBox.dir/home/kedar/pico/pico-sdk/src/rp2_common/pico_float/float_init_rom.c.obj
 .rodata.str1.4
                0x10009737       0x3c src/CMakeFiles/UVBox.dir/home/kedar/pico/pico-sdk/src/rp2_common/pico_standard_link/binary_info.c.obj
 *fill*         0x10009737        0x1 
 .rodata.__bi_81
                0x10009738        0xc src/CMakeFiles/UVBox.dir/home/kedar/pico/pico-sdk/src/rp2_common/pico_standard_link/binary_info.c.obj
 .rodata.__bi_75
                0x10009744        0xc src/CMakeFiles/UVBox.dir/home/kedar/pico/pico-sdk/src/rp2_common/pico_standard_link/binary_info.c.obj
 .rodata.__bi_44
                0x10009750        0xc src/CMakeFiles/UVBox.dir/home/kedar/pico/pico-sdk/src/rp2_common/pico_standard_link/binary_info.c.obj
 .rodata.update_us_since_boot.str1.4
                0x1000975c       0x60 src/CMakeFiles/UVBox.dir/home/kedar/pico/pico-sdk/src/rp2_common/pico_stdio/stdio.c.obj
 .rodata.crlf_str.2
                0x1000975c        0x2 src/CMakeFiles/UVBox.dir/home/kedar/pico/pico-sdk/src/rp2_common/pico_stdio/stdio.c.obj
 *fill*         0x1000975e        0x2 
 .rodata.__func__.3
                0x10009760       0x15 src/CMakeFiles/UVBox.dir/home/kedar/pico/pico-sdk/src/rp2_common/pico_stdio/stdio.c.obj
 *fill*         0x10009775        0x3 
 .rodata._resetd_driver
                0x10009778       0x18 src/CMakeFiles/UVBox.dir/home/kedar/pico/pico-sdk/src/rp2_common/pico_stdio_usb/reset_interface.c.obj
 .rodata.update_us_since_boot.str1.4
                0x10009790       0x60 src/CMakeFiles/UVBox.dir/home/kedar/pico/pico-sdk/src/rp2_common/pico_stdio_usb/stdio_usb.c.obj
 .rodata.stdio_usb_init.str1.4
                0x10009790       0x4c src/CMakeFiles/UVBox.dir/home/kedar/pico/pico-sdk/src/rp2_common/pico_stdio_usb/stdio_usb.c.obj
 .rodata.str1.4
                0x10009790       0x13 src/CMakeFiles/UVBox.dir/home/kedar/pico/pico-sdk/src/rp2_common/pico_stdio_usb/stdio_usb.c.obj
 .rodata.__bi_182.0
                0x10009790        0xc src/CMakeFiles/UVBox.dir/home/kedar/pico/pico-sdk/src/rp2_common/pico_stdio_usb/stdio_usb.c.obj
 .rodata.__func__.1
                0x1000979c        0xf src/CMakeFiles/UVBox.dir/home/kedar/pico/pico-sdk/src/rp2_common/pico_stdio_usb/stdio_usb.c.obj
 *fill*         0x100097ab        0x1 
 .rodata.__func__.3
                0x100097ac       0x15 src/CMakeFiles/UVBox.dir/home/kedar/pico/pico-sdk/src/rp2_common/pico_stdio_usb/stdio_usb.c.obj
 .rodata.str1.4
                0x100097c1       0x2a src/CMakeFiles/UVBox.dir/home/kedar/pico/pico-sdk/src/rp2_common/pico_stdio_usb/stdio_usb_descriptors.c.obj
 *fill*         0x100097c1        0x3 
 .rodata.usbd_desc_str
                0x100097c4       0x18 src/CMakeFiles/UVBox.dir/home/kedar/pico/pico-sdk/src/rp2_common/pico_stdio_usb/stdio_usb_descriptors.c.obj
 .rodata.usbd_desc_cfg
                0x100097dc       0x54 src/CMakeFiles/UVBox.dir/home/kedar/pico/pico-sdk/src/rp2_common/pico_stdio_usb/stdio_usb_descriptors.c.obj
 .rodata.usbd_desc_device
                0x10009830       0x12 src/CMakeFiles/UVBox.dir/home/kedar/pico/pico-sdk/src/rp2_common/pico_stdio_usb/stdio_usb_descriptors.c.obj
 .rodata.pico_get_unique_board_id_string.str1.4
                0x10009842       0x4c src/CMakeFiles/UVBox.dir/home/kedar/pico/pico-sdk/src/rp2_common/pico_unique_id/unique_id.c.obj
 *fill*         0x10009842        0x2 
 .rodata.__func__.0
                0x10009844       0x20 src/CMakeFiles/UVBox.dir/home/kedar/pico/pico-sdk/src/rp2_common/pico_unique_id/unique_id.c.obj
 .rodata.str1.4
                0x10009864      0x156 src/CMakeFiles/UVBox.dir/home/kedar/pico/pico-sdk/src/rp2_common/hardware_flash/flash.c.obj
 .rodata.__func__.0
                0x10009864        0xd src/CMakeFiles/UVBox.dir/home/kedar/pico/pico-sdk/src/rp2_common/hardware_flash/flash.c.obj
 .rodata._hw_endpoint_alloc.str1.4
                0x10009871       0xb5 src/CMakeFiles/UVBox.dir/home/kedar/pico/pico-sdk/lib/tinyusb/src/portable/raspberrypi/rp2040/dcd_rp2040.c.obj
 .rodata.str1.4
                0x10009871       0x14 src/CMakeFiles/UVBox.dir/home/kedar/pico/pico-sdk/lib/tinyusb/src/portable/raspberrypi/rp2040/dcd_rp2040.c.obj
 .rodata.dcd_int_enable.str1.4
                0x10009871        0xc src/CMakeFiles/UVBox.dir/home/kedar/pico/pico-sdk/lib/tinyusb/src/portable/raspberrypi/rp2040/dcd_rp2040.c.obj
 *fill*         0x10009871        0x3 
 .rodata.__func__.0
                0x10009874        0xe src/CMakeFiles/UVBox.dir/home/kedar/pico/pico-sdk/lib/tinyusb/src/portable/raspberrypi/rp2040/dcd_rp2040.c.obj
 *fill*         0x10009882        0x2 
 .rodata.__func__.1
                0x10009884        0xe src/CMakeFiles/UVBox.dir/home/kedar/pico/pico-sdk/lib/tinyusb/src/portable/raspberrypi/rp2040/dcd_rp2040.c.obj
 *fill*         0x10009892        0x2 
 .rodata.__func__.3
                0x10009894       0x10 src/CMakeFiles/UVBox.dir/home/kedar/pico/pico-sdk/lib/tinyusb/src/portable/raspberrypi/rp2040/dcd_rp2040.c.obj
 .rodata.__func__.5
                0x100098a4        0xf src/CMakeFiles/UVBox.dir/home/kedar/pico/pico-sdk/lib/tinyusb/src/portable/raspberrypi/rp2040/dcd_rp2040.c.obj
 *fill*         0x100098b3        0x1 
 .rodata.__func__.6
                0x100098b4       0x13 src/CMakeFiles/UVBox.dir/home/kedar/pico/pico-sdk/lib/tinyusb/src/portable/raspberrypi/rp2040/dcd_rp2040.c.obj
 *fill*         0x100098c7        0x1 
 .rodata.__func__.7
                0x100098c8        0x9 src/CMakeFiles/UVBox.dir/home/kedar/pico/pico-sdk/lib/tinyusb/src/portable/raspberrypi/rp2040/dcd_rp2040.c.obj
 .rodata.str1.4
                0x100098d1       0xe7 src/CMakeFiles/UVBox.dir/home/kedar/pico/pico-sdk/lib/tinyusb/src/portable/raspberrypi/rp2040/rp2040_usb.c.obj
 *fill*         0x100098d1        0x3 
 .rodata.__func__.0
                0x100098d4        0xf src/CMakeFiles/UVBox.dir/home/kedar/pico/pico-sdk/lib/tinyusb/src/portable/raspberrypi/rp2040/rp2040_usb.c.obj
 *fill*         0x100098e3        0x1 
 .rodata.process_get_descriptor
                0x100098e4       0x40 src/CMakeFiles/UVBox.dir/home/kedar/pico/pico-sdk/lib/tinyusb/src/device/usbd.c.obj
 .rodata.process_control_request
                0x10009924       0x28 src/CMakeFiles/UVBox.dir/home/kedar/pico/pico-sdk/lib/tinyusb/src/device/usbd.c.obj
 .rodata.tud_task_ext
                0x1000994c       0x24 src/CMakeFiles/UVBox.dir/home/kedar/pico/pico-sdk/lib/tinyusb/src/device/usbd.c.obj
 .rodata._usbd_driver
                0x10009970       0x18 src/CMakeFiles/UVBox.dir/home/kedar/pico/pico-sdk/lib/tinyusb/src/device/usbd.c.obj
 .rodata.i2c_set_baudrate.str1.4
                0x10009988       0x5c src/CMakeFiles/UVBox.dir/home/kedar/pico/pico-sdk/src/rp2_common/hardware_i2c/i2c.c.obj
 .rodata.__func__.0
                0x10009988       0x11 src/CMakeFiles/UVBox.dir/home/kedar/pico/pico-sdk/src/rp2_common/hardware_i2c/i2c.c.obj
 .rodata._ZL20update_us_since_bootP15absolute_time_ty.str1.4
                0x10009999       0x98 lib/rotery_encoder/libencoder.a(encoder.cpp.obj)
 .rodata.oledSet_power.str1.4
                0x10009999       0x10 lib/oled_driver/libpicoOled.a(picoOled.c.obj)
 .rodata.oledDisplay.str1.4
                0x10009999        0xc lib/oled_driver/libpicoOled.a(picoOled.c.obj)
 .rodata.oledInit.str1.4
                0x10009999        0xb lib/oled_driver/libpicoOled.a(picoOled.c.obj)
 *fill*         0x10009999        0x3 
 .rodata.oledDraw_character
                0x1000999c       0x9c lib/oled_driver/libpicoOled.a(picoOled.c.obj)
 .rodata.oled_font6x8
                0x10009a38      0x26a lib/oled_driver/libpicoOled.a(picoOled.c.obj)
                0x10009ca4                        . = ALIGN (0x4)
 *fill*         0x10009ca2        0x2 
 *(SORT_BY_ALIGNMENT(SORT_BY_NAME(.flashdata*)))
                0x10009ca4                        . = ALIGN (0x4)

.ARM.extab
 *(.ARM.extab* .gnu.linkonce.armextab.*)
                0x10009ca4                        __exidx_start = .

.ARM.exidx
 *(.ARM.exidx* .gnu.linkonce.armexidx.*)
                0x10009ca4                        __exidx_end = .
                0x10009ca4                        . = ALIGN (0x4)
                0x10009ca4                        __binary_info_start = .

.binary_info    0x10009ca4       0x20
 *(.binary_info.keep.*)
 .binary_info.keep.__bi_ptr81
                0x10009ca4        0x4 src/CMakeFiles/UVBox.dir/home/kedar/pico/pico-sdk/src/rp2_common/pico_standard_link/binary_info.c.obj
 .binary_info.keep.__bi_ptr75
                0x10009ca8        0x4 src/CMakeFiles/UVBox.dir/home/kedar/pico/pico-sdk/src/rp2_common/pico_standard_link/binary_info.c.obj
 .binary_info.keep.__bi_ptr50
                0x10009cac        0x4 src/CMakeFiles/UVBox.dir/home/kedar/pico/pico-sdk/src/rp2_common/pico_standard_link/binary_info.c.obj
 .binary_info.keep.__bi_ptr44
                0x10009cb0        0x4 src/CMakeFiles/UVBox.dir/home/kedar/pico/pico-sdk/src/rp2_common/pico_standard_link/binary_info.c.obj
 .binary_info.keep.__bi_ptr38
                0x10009cb4        0x4 src/CMakeFiles/UVBox.dir/home/kedar/pico/pico-sdk/src/rp2_common/pico_standard_link/binary_info.c.obj
 .binary_info.keep.__bi_ptr30
                0x10009cb8        0x4 src/CMakeFiles/UVBox.dir/home/kedar/pico/pico-sdk/src/rp2_common/pico_standard_link/binary_info.c.obj
 .binary_info.keep.__bi_ptr22
                0x10009cbc        0x4 src/CMakeFiles/UVBox.dir/home/kedar/pico/pico-sdk/src/rp2_common/pico_standard_link/binary_info.c.obj
 *(.binary_info.*)
 .binary_info.__bi_ptr182
                0x10009cc0        0x4 src/CMakeFiles/UVBox.dir/home/kedar/pico/pico-sdk/src/rp2_common/pico_stdio_usb/stdio_usb.c.obj
                0x10009cc4                        __binary_info_end = .

.rel.dyn        0x10009cc4        0x0
 .rel.iplt      0x10009cc4        0x0 /usr/lib/gcc/arm-none-eabi/13.2.1/thumb/v6-m/nofp/crtbegin.o
                0x10009cc4                        . = ALIGN (0x4)

.ram_vector_table
                0x20000000       0xc0
 *(.ram_vector_table)
 .ram_vector_table
                0x20000000       0xc0 src/CMakeFiles/UVBox.dir/home/kedar/pico/pico-sdk/src/rp2_common/pico_runtime/runtime.c.obj
                0x20000000                ram_vector_table

.data           0x200000c0      0xb50 load address 0x10009cc4
                0x200000c0                        __data_start__ = .
 *(vtable)
 *(.time_critical*)
 .time_critical.mutex_try_enter
                0x200000c0       0x46 src/CMakeFiles/UVBox.dir/home/kedar/pico/pico-sdk/src/common/pico_sync/mutex.c.obj
                0x200000c0                mutex_try_enter
 *fill*         0x20000106        0x2 
 .time_critical.mutex_enter_block_until
                0x20000108       0x8c src/CMakeFiles/UVBox.dir/home/kedar/pico/pico-sdk/src/common/pico_sync/mutex.c.obj
                0x20000108                mutex_enter_block_until
 .time_critical.mutex_try_enter_block_until
                0x20000194       0x34 src/CMakeFiles/UVBox.dir/home/kedar/pico/pico-sdk/src/common/pico_sync/mutex.c.obj
                0x20000194                mutex_try_enter_block_until
 .time_critical.mutex_enter_timeout_ms